[    0.000000] microcode: microcode updated early to revision 0x21, date = 2019-02-13
[    0.000000] Linux version 5.15.0-53-generic (buildd@lcy02-amd64-047) (gcc (Ubuntu 11.2.0-19ubuntu1) 11.2.0, GNU ld (GNU Binutils for Ubuntu) 2.38) #59-Ubuntu SMP Mon Oct 17 18:53:30 UTC 2022 (Ubuntu 5.15.0-53.59-generic 5.15.64)
[    0.000000] Command line: BOOT_IMAGE=/boot/vmlinuz-5.15.0-53-generic root=UUID=6ee56edb-d1af-4690-976b-b6d26135dcb0 ro quiet splash vt.handoff=7
[    0.000000] KERNEL supported cpus:
[    0.000000]   Intel GenuineIntel
[    0.000000]   AMD AuthenticAMD
[    0.000000]   Hygon HygonGenuine
[    0.000000]   Centaur CentaurHauls
[    0.000000]   zhaoxin   Shanghai  
[    0.000000] x86/fpu: Supporting XSAVE feature 0x001: 'x87 floating point registers'
[    0.000000] x86/fpu: Supporting XSAVE feature 0x002: 'SSE registers'
[    0.000000] x86/fpu: Supporting XSAVE feature 0x004: 'AVX registers'
[    0.000000] x86/fpu: xstate_offset[2]:  576, xstate_sizes[2]:  256
[    0.000000] x86/fpu: Enabled xstate features 0x7, context size is 832 bytes, using 'standard' format.
[    0.000000] signal: max sigframe size: 1776
[    0.000000] BIOS-provided physical RAM map:
[    0.000000] BIOS-e820: [mem 0x0000000000000000-0x000000000009efff] usable
[    0.000000] BIOS-e820: [mem 0x000000000009f000-0x000000000009ffff] reserved
[    0.000000] BIOS-e820: [mem 0x0000000000100000-0x000000001fffffff] usable
[    0.000000] BIOS-e820: [mem 0x0000000020000000-0x00000000201fffff] reserved
[    0.000000] BIOS-e820: [mem 0x0000000020200000-0x0000000040003fff] usable
[    0.000000] BIOS-e820: [mem 0x0000000040004000-0x0000000040004fff] reserved
[    0.000000] BIOS-e820: [mem 0x0000000040005000-0x00000000c972ffff] usable
[    0.000000] BIOS-e820: [mem 0x00000000c9730000-0x00000000c9d30fff] ACPI NVS
[    0.000000] BIOS-e820: [mem 0x00000000c9d31000-0x00000000c9d33fff] reserved
[    0.000000] BIOS-e820: [mem 0x00000000c9d34000-0x00000000c9d4afff] usable
[    0.000000] BIOS-e820: [mem 0x00000000c9d4b000-0x00000000c9d50fff] reserved
[    0.000000] BIOS-e820: [mem 0x00000000c9d51000-0x00000000c9d52fff] usable
[    0.000000] BIOS-e820: [mem 0x00000000c9d53000-0x00000000c9d60fff] reserved
[    0.000000] BIOS-e820: [mem 0x00000000c9d61000-0x00000000c9ef2fff] usable
[    0.000000] BIOS-e820: [mem 0x00000000c9ef3000-0x00000000c9ef6fff] reserved
[    0.000000] BIOS-e820: [mem 0x00000000c9ef7000-0x00000000c9f3ffff] usable
[    0.000000] BIOS-e820: [mem 0x00000000c9f40000-0x00000000c9f64fff] reserved
[    0.000000] BIOS-e820: [mem 0x00000000c9f65000-0x00000000c9f67fff] usable
[    0.000000] BIOS-e820: [mem 0x00000000c9f68000-0x00000000c9f69fff] reserved
[    0.000000] BIOS-e820: [mem 0x00000000c9f6a000-0x00000000c9f80fff] usable
[    0.000000] BIOS-e820: [mem 0x00000000c9f81000-0x00000000c9f86fff] reserved
[    0.000000] BIOS-e820: [mem 0x00000000c9f87000-0x00000000c9f8efff] usable
[    0.000000] BIOS-e820: [mem 0x00000000c9f8f000-0x00000000c9f8ffff] reserved
[    0.000000] BIOS-e820: [mem 0x00000000c9f90000-0x00000000c9f9efff] usable
[    0.000000] BIOS-e820: [mem 0x00000000c9f9f000-0x00000000c9f9ffff] reserved
[    0.000000] BIOS-e820: [mem 0x00000000c9fa0000-0x00000000c9faafff] usable
[    0.000000] BIOS-e820: [mem 0x00000000c9fab000-0x00000000c9faffff] reserved
[    0.000000] BIOS-e820: [mem 0x00000000c9fb0000-0x00000000c9fdbfff] usable
[    0.000000] BIOS-e820: [mem 0x00000000c9fdc000-0x00000000c9fdcfff] reserved
[    0.000000] BIOS-e820: [mem 0x00000000c9fdd000-0x00000000c9fecfff] usable
[    0.000000] BIOS-e820: [mem 0x00000000c9fed000-0x00000000ca013fff] reserved
[    0.000000] BIOS-e820: [mem 0x00000000ca014000-0x00000000ca026fff] usable
[    0.000000] BIOS-e820: [mem 0x00000000ca027000-0x00000000ca027fff] reserved
[    0.000000] BIOS-e820: [mem 0x00000000ca028000-0x00000000ca028fff] usable
[    0.000000] BIOS-e820: [mem 0x00000000ca029000-0x00000000ca02afff] reserved
[    0.000000] BIOS-e820: [mem 0x00000000ca02b000-0x00000000ca02bfff] usable
[    0.000000] BIOS-e820: [mem 0x00000000ca02c000-0x00000000ca030fff] reserved
[    0.000000] BIOS-e820: [mem 0x00000000ca031000-0x00000000ca046fff] usable
[    0.000000] BIOS-e820: [mem 0x00000000ca047000-0x00000000ca60cfff] reserved
[    0.000000] BIOS-e820: [mem 0x00000000ca60d000-0x00000000ca88cfff] ACPI NVS
[    0.000000] BIOS-e820: [mem 0x00000000ca88d000-0x00000000ca891fff] ACPI data
[    0.000000] BIOS-e820: [mem 0x00000000ca892000-0x00000000ca892fff] usable
[    0.000000] BIOS-e820: [mem 0x00000000ca893000-0x00000000ca8d5fff] ACPI NVS
[    0.000000] BIOS-e820: [mem 0x00000000ca8d6000-0x00000000cace2fff] usable
[    0.000000] BIOS-e820: [mem 0x00000000cace3000-0x00000000caff3fff] reserved
[    0.000000] BIOS-e820: [mem 0x00000000caff4000-0x00000000caffffff] usable
[    0.000000] BIOS-e820: [mem 0x00000000cbc00000-0x00000000cfdfffff] reserved
[    0.000000] BIOS-e820: [mem 0x00000000f8000000-0x00000000fbffffff] reserved
[    0.000000] BIOS-e820: [mem 0x00000000fec00000-0x00000000fec00fff] reserved
[    0.000000] BIOS-e820: [mem 0x00000000fed00000-0x00000000fed03fff] reserved
[    0.000000] BIOS-e820: [mem 0x00000000fed1c000-0x00000000fed1ffff] reserved
[    0.000000] BIOS-e820: [mem 0x00000000fee00000-0x00000000fee00fff] reserved
[    0.000000] BIOS-e820: [mem 0x00000000ff000000-0x00000000ffffffff] reserved
[    0.000000] BIOS-e820: [mem 0x0000000100000000-0x000000042f1fffff] usable
[    0.000000] NX (Execute Disable) protection: active
[    0.000000] e820: update [mem 0xbddf0018-0xbddfe057] usable ==> usable
[    0.000000] e820: update [mem 0xbddf0018-0xbddfe057] usable ==> usable
[    0.000000] e820: update [mem 0xbddd0018-0xbdde0057] usable ==> usable
[    0.000000] e820: update [mem 0xbddd0018-0xbdde0057] usable ==> usable
[    0.000000] e820: update [mem 0xbddc3018-0xbddcf857] usable ==> usable
[    0.000000] e820: update [mem 0xbddc3018-0xbddcf857] usable ==> usable
[    0.000000] extended physical RAM map:
[    0.000000] reserve setup_data: [mem 0x0000000000000000-0x000000000009efff] usable
[    0.000000] reserve setup_data: [mem 0x000000000009f000-0x000000000009ffff] reserved
[    0.000000] reserve setup_data: [mem 0x0000000000100000-0x000000001fffffff] usable
[    0.000000] reserve setup_data: [mem 0x0000000020000000-0x00000000201fffff] reserved
[    0.000000] reserve setup_data: [mem 0x0000000020200000-0x0000000040003fff] usable
[    0.000000] reserve setup_data: [mem 0x0000000040004000-0x0000000040004fff] reserved
[    0.000000] reserve setup_data: [mem 0x0000000040005000-0x00000000bddc3017] usable
[    0.000000] reserve setup_data: [mem 0x00000000bddc3018-0x00000000bddcf857] usable
[    0.000000] reserve setup_data: [mem 0x00000000bddcf858-0x00000000bddd0017] usable
[    0.000000] reserve setup_data: [mem 0x00000000bddd0018-0x00000000bdde0057] usable
[    0.000000] reserve setup_data: [mem 0x00000000bdde0058-0x00000000bddf0017] usable
[    0.000000] reserve setup_data: [mem 0x00000000bddf0018-0x00000000bddfe057] usable
[    0.000000] reserve setup_data: [mem 0x00000000bddfe058-0x00000000c972ffff] usable
[    0.000000] reserve setup_data: [mem 0x00000000c9730000-0x00000000c9d30fff] ACPI NVS
[    0.000000] reserve setup_data: [mem 0x00000000c9d31000-0x00000000c9d33fff] reserved
[    0.000000] reserve setup_data: [mem 0x00000000c9d34000-0x00000000c9d4afff] usable
[    0.000000] reserve setup_data: [mem 0x00000000c9d4b000-0x00000000c9d50fff] reserved
[    0.000000] reserve setup_data: [mem 0x00000000c9d51000-0x00000000c9d52fff] usable
[    0.000000] reserve setup_data: [mem 0x00000000c9d53000-0x00000000c9d60fff] reserved
[    0.000000] reserve setup_data: [mem 0x00000000c9d61000-0x00000000c9ef2fff] usable
[    0.000000] reserve setup_data: [mem 0x00000000c9ef3000-0x00000000c9ef6fff] reserved
[    0.000000] reserve setup_data: [mem 0x00000000c9ef7000-0x00000000c9f3ffff] usable
[    0.000000] reserve setup_data: [mem 0x00000000c9f40000-0x00000000c9f64fff] reserved
[    0.000000] reserve setup_data: [mem 0x00000000c9f65000-0x00000000c9f67fff] usable
[    0.000000] reserve setup_data: [mem 0x00000000c9f68000-0x00000000c9f69fff] reserved
[    0.000000] reserve setup_data: [mem 0x00000000c9f6a000-0x00000000c9f80fff] usable
[    0.000000] reserve setup_data: [mem 0x00000000c9f81000-0x00000000c9f86fff] reserved
[    0.000000] reserve setup_data: [mem 0x00000000c9f87000-0x00000000c9f8efff] usable
[    0.000000] reserve setup_data: [mem 0x00000000c9f8f000-0x00000000c9f8ffff] reserved
[    0.000000] reserve setup_data: [mem 0x00000000c9f90000-0x00000000c9f9efff] usable
[    0.000000] reserve setup_data: [mem 0x00000000c9f9f000-0x00000000c9f9ffff] reserved
[    0.000000] reserve setup_data: [mem 0x00000000c9fa0000-0x00000000c9faafff] usable
[    0.000000] reserve setup_data: [mem 0x00000000c9fab000-0x00000000c9faffff] reserved
[    0.000000] reserve setup_data: [mem 0x00000000c9fb0000-0x00000000c9fdbfff] usable
[    0.000000] reserve setup_data: [mem 0x00000000c9fdc000-0x00000000c9fdcfff] reserved
[    0.000000] reserve setup_data: [mem 0x00000000c9fdd000-0x00000000c9fecfff] usable
[    0.000000] reserve setup_data: [mem 0x00000000c9fed000-0x00000000ca013fff] reserved
[    0.000000] reserve setup_data: [mem 0x00000000ca014000-0x00000000ca026fff] usable
[    0.000000] reserve setup_data: [mem 0x00000000ca027000-0x00000000ca027fff] reserved
[    0.000000] reserve setup_data: [mem 0x00000000ca028000-0x00000000ca028fff] usable
[    0.000000] reserve setup_data: [mem 0x00000000ca029000-0x00000000ca02afff] reserved
[    0.000000] reserve setup_data: [mem 0x00000000ca02b000-0x00000000ca02bfff] usable
[    0.000000] reserve setup_data: [mem 0x00000000ca02c000-0x00000000ca030fff] reserved
[    0.000000] reserve setup_data: [mem 0x00000000ca031000-0x00000000ca046fff] usable
[    0.000000] reserve setup_data: [mem 0x00000000ca047000-0x00000000ca60cfff] reserved
[    0.000000] reserve setup_data: [mem 0x00000000ca60d000-0x00000000ca88cfff] ACPI NVS
[    0.000000] reserve setup_data: [mem 0x00000000ca88d000-0x00000000ca891fff] ACPI data
[    0.000000] reserve setup_data: [mem 0x00000000ca892000-0x00000000ca892fff] usable
[    0.000000] reserve setup_data: [mem 0x00000000ca893000-0x00000000ca8d5fff] ACPI NVS
[    0.000000] reserve setup_data: [mem 0x00000000ca8d6000-0x00000000cace2fff] usable
[    0.000000] reserve setup_data: [mem 0x00000000cace3000-0x00000000caff3fff] reserved
[    0.000000] reserve setup_data: [mem 0x00000000caff4000-0x00000000caffffff] usable
[    0.000000] reserve setup_data: [mem 0x00000000cbc00000-0x00000000cfdfffff] reserved
[    0.000000] reserve setup_data: [mem 0x00000000f8000000-0x00000000fbffffff] reserved
[    0.000000] reserve setup_data: [mem 0x00000000fec00000-0x00000000fec00fff] reserved
[    0.000000] reserve setup_data: [mem 0x00000000fed00000-0x00000000fed03fff] reserved
[    0.000000] reserve setup_data: [mem 0x00000000fed1c000-0x00000000fed1ffff] reserved
[    0.000000] reserve setup_data: [mem 0x00000000fee00000-0x00000000fee00fff] reserved
[    0.000000] reserve setup_data: [mem 0x00000000ff000000-0x00000000ffffffff] reserved
[    0.000000] reserve setup_data: [mem 0x0000000100000000-0x000000042f1fffff] usable
[    0.000000] efi: EFI v2.31 by American Megatrends
[    0.000000] efi: ACPI=0xca85f000 ACPI 2.0=0xca85f000 SMBIOS=0xf04c0 
[    0.000000] secureboot: Secure boot disabled
[    0.000000] SMBIOS 2.7 present.
[    0.000000] DMI: ASUSTeK COMPUTER INC. K55VD/K55VD, BIOS K55VD.411 03/11/2013
[    0.000000] tsc: Fast TSC calibration using PIT
[    0.000000] tsc: Detected 2494.325 MHz processor
[    0.001008] e820: update [mem 0x00000000-0x00000fff] usable ==> reserved
[    0.001012] e820: remove [mem 0x000a0000-0x000fffff] usable
[    0.001041] last_pfn = 0x42f200 max_arch_pfn = 0x400000000
[    0.001229] x86/PAT: Configuration [0-7]: WB  WC  UC- UC  WB  WP  UC- WT  
[    0.002173] total RAM covered: 16302M
[    0.002394]  gran_size: 64K 	chunk_size: 64K 	num_reg: 10  	lose cover RAM: 242M
[    0.002398]  gran_size: 64K 	chunk_size: 128K 	num_reg: 10  	lose cover RAM: 242M
[    0.002400]  gran_size: 64K 	chunk_size: 256K 	num_reg: 10  	lose cover RAM: 242M
[    0.002402]  gran_size: 64K 	chunk_size: 512K 	num_reg: 10  	lose cover RAM: 242M
[    0.002404]  gran_size: 64K 	chunk_size: 1M 	num_reg: 10  	lose cover RAM: 242M
[    0.002406]  gran_size: 64K 	chunk_size: 2M 	num_reg: 10  	lose cover RAM: 242M
[    0.002408]  gran_size: 64K 	chunk_size: 4M 	num_reg: 10  	lose cover RAM: 242M
[    0.002410]  gran_size: 64K 	chunk_size: 8M 	num_reg: 10  	lose cover RAM: 50M
[    0.002412] *BAD*gran_size: 64K 	chunk_size: 16M 	num_reg: 10  	lose cover RAM: -12M
[    0.002414] *BAD*gran_size: 64K 	chunk_size: 32M 	num_reg: 10  	lose cover RAM: -12M
[    0.002416] *BAD*gran_size: 64K 	chunk_size: 64M 	num_reg: 10  	lose cover RAM: -12M
[    0.002418] *BAD*gran_size: 64K 	chunk_size: 128M 	num_reg: 10  	lose cover RAM: -12M
[    0.002420] *BAD*gran_size: 64K 	chunk_size: 256M 	num_reg: 10  	lose cover RAM: -12M
[    0.002422] *BAD*gran_size: 64K 	chunk_size: 512M 	num_reg: 10  	lose cover RAM: -268M
[    0.002424] *BAD*gran_size: 64K 	chunk_size: 1G 	num_reg: 10  	lose cover RAM: -264M
[    0.002426] *BAD*gran_size: 64K 	chunk_size: 2G 	num_reg: 10  	lose cover RAM: -1288M
[    0.002428]  gran_size: 128K 	chunk_size: 128K 	num_reg: 10  	lose cover RAM: 242M
[    0.002430]  gran_size: 128K 	chunk_size: 256K 	num_reg: 10  	lose cover RAM: 242M
[    0.002432]  gran_size: 128K 	chunk_size: 512K 	num_reg: 10  	lose cover RAM: 242M
[    0.002434]  gran_size: 128K 	chunk_size: 1M 	num_reg: 10  	lose cover RAM: 242M
[    0.002436]  gran_size: 128K 	chunk_size: 2M 	num_reg: 10  	lose cover RAM: 242M
[    0.002438]  gran_size: 128K 	chunk_size: 4M 	num_reg: 10  	lose cover RAM: 242M
[    0.002440]  gran_size: 128K 	chunk_size: 8M 	num_reg: 10  	lose cover RAM: 50M
[    0.002441] *BAD*gran_size: 128K 	chunk_size: 16M 	num_reg: 10  	lose cover RAM: -12M
[    0.002443] *BAD*gran_size: 128K 	chunk_size: 32M 	num_reg: 10  	lose cover RAM: -12M
[    0.002445] *BAD*gran_size: 128K 	chunk_size: 64M 	num_reg: 10  	lose cover RAM: -12M
[    0.002447] *BAD*gran_size: 128K 	chunk_size: 128M 	num_reg: 10  	lose cover RAM: -12M
[    0.002449] *BAD*gran_size: 128K 	chunk_size: 256M 	num_reg: 10  	lose cover RAM: -12M
[    0.002451] *BAD*gran_size: 128K 	chunk_size: 512M 	num_reg: 10  	lose cover RAM: -268M
[    0.002453] *BAD*gran_size: 128K 	chunk_size: 1G 	num_reg: 10  	lose cover RAM: -264M
[    0.002455] *BAD*gran_size: 128K 	chunk_size: 2G 	num_reg: 10  	lose cover RAM: -1288M
[    0.002457]  gran_size: 256K 	chunk_size: 256K 	num_reg: 10  	lose cover RAM: 242M
[    0.002459]  gran_size: 256K 	chunk_size: 512K 	num_reg: 10  	lose cover RAM: 242M
[    0.002461]  gran_size: 256K 	chunk_size: 1M 	num_reg: 10  	lose cover RAM: 242M
[    0.002463]  gran_size: 256K 	chunk_size: 2M 	num_reg: 10  	lose cover RAM: 242M
[    0.002465]  gran_size: 256K 	chunk_size: 4M 	num_reg: 10  	lose cover RAM: 242M
[    0.002467]  gran_size: 256K 	chunk_size: 8M 	num_reg: 10  	lose cover RAM: 50M
[    0.002469] *BAD*gran_size: 256K 	chunk_size: 16M 	num_reg: 10  	lose cover RAM: -12M
[    0.002471] *BAD*gran_size: 256K 	chunk_size: 32M 	num_reg: 10  	lose cover RAM: -12M
[    0.002473] *BAD*gran_size: 256K 	chunk_size: 64M 	num_reg: 10  	lose cover RAM: -12M
[    0.002475] *BAD*gran_size: 256K 	chunk_size: 128M 	num_reg: 10  	lose cover RAM: -12M
[    0.002477] *BAD*gran_size: 256K 	chunk_size: 256M 	num_reg: 10  	lose cover RAM: -12M
[    0.002479] *BAD*gran_size: 256K 	chunk_size: 512M 	num_reg: 10  	lose cover RAM: -268M
[    0.002480] *BAD*gran_size: 256K 	chunk_size: 1G 	num_reg: 10  	lose cover RAM: -264M
[    0.002482] *BAD*gran_size: 256K 	chunk_size: 2G 	num_reg: 10  	lose cover RAM: -1288M
[    0.002484]  gran_size: 512K 	chunk_size: 512K 	num_reg: 10  	lose cover RAM: 242M
[    0.002486]  gran_size: 512K 	chunk_size: 1M 	num_reg: 10  	lose cover RAM: 242M
[    0.002488]  gran_size: 512K 	chunk_size: 2M 	num_reg: 10  	lose cover RAM: 242M
[    0.002490]  gran_size: 512K 	chunk_size: 4M 	num_reg: 10  	lose cover RAM: 242M
[    0.002492]  gran_size: 512K 	chunk_size: 8M 	num_reg: 10  	lose cover RAM: 50M
[    0.002494] *BAD*gran_size: 512K 	chunk_size: 16M 	num_reg: 10  	lose cover RAM: -12M
[    0.002496] *BAD*gran_size: 512K 	chunk_size: 32M 	num_reg: 10  	lose cover RAM: -12M
[    0.002498] *BAD*gran_size: 512K 	chunk_size: 64M 	num_reg: 10  	lose cover RAM: -12M
[    0.002500] *BAD*gran_size: 512K 	chunk_size: 128M 	num_reg: 10  	lose cover RAM: -12M
[    0.002502] *BAD*gran_size: 512K 	chunk_size: 256M 	num_reg: 10  	lose cover RAM: -12M
[    0.002504] *BAD*gran_size: 512K 	chunk_size: 512M 	num_reg: 10  	lose cover RAM: -268M
[    0.002506] *BAD*gran_size: 512K 	chunk_size: 1G 	num_reg: 10  	lose cover RAM: -264M
[    0.002508] *BAD*gran_size: 512K 	chunk_size: 2G 	num_reg: 10  	lose cover RAM: -1288M
[    0.002510]  gran_size: 1M 	chunk_size: 1M 	num_reg: 10  	lose cover RAM: 242M
[    0.002512]  gran_size: 1M 	chunk_size: 2M 	num_reg: 10  	lose cover RAM: 242M
[    0.002514]  gran_size: 1M 	chunk_size: 4M 	num_reg: 10  	lose cover RAM: 242M
[    0.002515]  gran_size: 1M 	chunk_size: 8M 	num_reg: 10  	lose cover RAM: 50M
[    0.002517] *BAD*gran_size: 1M 	chunk_size: 16M 	num_reg: 10  	lose cover RAM: -12M
[    0.002519] *BAD*gran_size: 1M 	chunk_size: 32M 	num_reg: 10  	lose cover RAM: -12M
[    0.002521] *BAD*gran_size: 1M 	chunk_size: 64M 	num_reg: 10  	lose cover RAM: -12M
[    0.002523] *BAD*gran_size: 1M 	chunk_size: 128M 	num_reg: 10  	lose cover RAM: -12M
[    0.002525] *BAD*gran_size: 1M 	chunk_size: 256M 	num_reg: 10  	lose cover RAM: -12M
[    0.002527] *BAD*gran_size: 1M 	chunk_size: 512M 	num_reg: 10  	lose cover RAM: -268M
[    0.002529] *BAD*gran_size: 1M 	chunk_size: 1G 	num_reg: 10  	lose cover RAM: -264M
[    0.002531] *BAD*gran_size: 1M 	chunk_size: 2G 	num_reg: 10  	lose cover RAM: -1288M
[    0.002533]  gran_size: 2M 	chunk_size: 2M 	num_reg: 10  	lose cover RAM: 242M
[    0.002535]  gran_size: 2M 	chunk_size: 4M 	num_reg: 10  	lose cover RAM: 242M
[    0.002537]  gran_size: 2M 	chunk_size: 8M 	num_reg: 10  	lose cover RAM: 50M
[    0.002539] *BAD*gran_size: 2M 	chunk_size: 16M 	num_reg: 10  	lose cover RAM: -12M
[    0.002541] *BAD*gran_size: 2M 	chunk_size: 32M 	num_reg: 10  	lose cover RAM: -12M
[    0.002542] *BAD*gran_size: 2M 	chunk_size: 64M 	num_reg: 10  	lose cover RAM: -12M
[    0.002544] *BAD*gran_size: 2M 	chunk_size: 128M 	num_reg: 10  	lose cover RAM: -12M
[    0.002546] *BAD*gran_size: 2M 	chunk_size: 256M 	num_reg: 10  	lose cover RAM: -12M
[    0.002548] *BAD*gran_size: 2M 	chunk_size: 512M 	num_reg: 10  	lose cover RAM: -268M
[    0.002550] *BAD*gran_size: 2M 	chunk_size: 1G 	num_reg: 10  	lose cover RAM: -264M
[    0.002552] *BAD*gran_size: 2M 	chunk_size: 2G 	num_reg: 10  	lose cover RAM: -1288M
[    0.002554]  gran_size: 4M 	chunk_size: 4M 	num_reg: 10  	lose cover RAM: 242M
[    0.002556]  gran_size: 4M 	chunk_size: 8M 	num_reg: 10  	lose cover RAM: 50M
[    0.002558]  gran_size: 4M 	chunk_size: 16M 	num_reg: 10  	lose cover RAM: 50M
[    0.002560]  gran_size: 4M 	chunk_size: 32M 	num_reg: 10  	lose cover RAM: 2M
[    0.002562]  gran_size: 4M 	chunk_size: 64M 	num_reg: 10  	lose cover RAM: 2M
[    0.002564]  gran_size: 4M 	chunk_size: 128M 	num_reg: 10  	lose cover RAM: 2M
[    0.002566]  gran_size: 4M 	chunk_size: 256M 	num_reg: 10  	lose cover RAM: 2M
[    0.002567] *BAD*gran_size: 4M 	chunk_size: 512M 	num_reg: 10  	lose cover RAM: -254M
[    0.002570]  gran_size: 4M 	chunk_size: 1G 	num_reg: 10  	lose cover RAM: 2M
[    0.002571] *BAD*gran_size: 4M 	chunk_size: 2G 	num_reg: 10  	lose cover RAM: -1022M
[    0.002573]  gran_size: 8M 	chunk_size: 8M 	num_reg: 10  	lose cover RAM: 118M
[    0.002575]  gran_size: 8M 	chunk_size: 16M 	num_reg: 10  	lose cover RAM: 54M
[    0.002577]  gran_size: 8M 	chunk_size: 32M 	num_reg: 10  	lose cover RAM: 6M
[    0.002579]  gran_size: 8M 	chunk_size: 64M 	num_reg: 10  	lose cover RAM: 6M
[    0.002581]  gran_size: 8M 	chunk_size: 128M 	num_reg: 10  	lose cover RAM: 6M
[    0.002583]  gran_size: 8M 	chunk_size: 256M 	num_reg: 10  	lose cover RAM: 6M
[    0.002585] *BAD*gran_size: 8M 	chunk_size: 512M 	num_reg: 10  	lose cover RAM: -250M
[    0.002587]  gran_size: 8M 	chunk_size: 1G 	num_reg: 10  	lose cover RAM: 6M
[    0.002588] *BAD*gran_size: 8M 	chunk_size: 2G 	num_reg: 10  	lose cover RAM: -1018M
[    0.002590]  gran_size: 16M 	chunk_size: 16M 	num_reg: 10  	lose cover RAM: 62M
[    0.002592]  gran_size: 16M 	chunk_size: 32M 	num_reg: 10  	lose cover RAM: 14M
[    0.002594]  gran_size: 16M 	chunk_size: 64M 	num_reg: 10  	lose cover RAM: 14M
[    0.002596]  gran_size: 16M 	chunk_size: 128M 	num_reg: 10  	lose cover RAM: 14M
[    0.002598]  gran_size: 16M 	chunk_size: 256M 	num_reg: 10  	lose cover RAM: 14M
[    0.002600] *BAD*gran_size: 16M 	chunk_size: 512M 	num_reg: 10  	lose cover RAM: -242M
[    0.002602]  gran_size: 16M 	chunk_size: 1G 	num_reg: 10  	lose cover RAM: 14M
[    0.002604] *BAD*gran_size: 16M 	chunk_size: 2G 	num_reg: 10  	lose cover RAM: -1010M
[    0.002606]  gran_size: 32M 	chunk_size: 32M 	num_reg: 10  	lose cover RAM: 46M
[    0.002608]  gran_size: 32M 	chunk_size: 64M 	num_reg: 10  	lose cover RAM: 46M
[    0.002610]  gran_size: 32M 	chunk_size: 128M 	num_reg: 10  	lose cover RAM: 46M
[    0.002612]  gran_size: 32M 	chunk_size: 256M 	num_reg: 10  	lose cover RAM: 46M
[    0.002614] *BAD*gran_size: 32M 	chunk_size: 512M 	num_reg: 10  	lose cover RAM: -210M
[    0.002616]  gran_size: 32M 	chunk_size: 1G 	num_reg: 10  	lose cover RAM: 46M
[    0.002618] *BAD*gran_size: 32M 	chunk_size: 2G 	num_reg: 10  	lose cover RAM: -978M
[    0.002620]  gran_size: 64M 	chunk_size: 64M 	num_reg: 8  	lose cover RAM: 110M
[    0.002622]  gran_size: 64M 	chunk_size: 128M 	num_reg: 8  	lose cover RAM: 110M
[    0.002624]  gran_size: 64M 	chunk_size: 256M 	num_reg: 9  	lose cover RAM: 110M
[    0.002625]  gran_size: 64M 	chunk_size: 512M 	num_reg: 10  	lose cover RAM: 110M
[    0.002627]  gran_size: 64M 	chunk_size: 1G 	num_reg: 9  	lose cover RAM: 110M
[    0.002629]  gran_size: 64M 	chunk_size: 2G 	num_reg: 10  	lose cover RAM: 110M
[    0.002631]  gran_size: 128M 	chunk_size: 128M 	num_reg: 7  	lose cover RAM: 174M
[    0.002633]  gran_size: 128M 	chunk_size: 256M 	num_reg: 9  	lose cover RAM: 174M
[    0.002635]  gran_size: 128M 	chunk_size: 512M 	num_reg: 10  	lose cover RAM: 174M
[    0.002637]  gran_size: 128M 	chunk_size: 1G 	num_reg: 9  	lose cover RAM: 174M
[    0.002639]  gran_size: 128M 	chunk_size: 2G 	num_reg: 10  	lose cover RAM: 174M
[    0.002641]  gran_size: 256M 	chunk_size: 256M 	num_reg: 5  	lose cover RAM: 430M
[    0.002643]  gran_size: 256M 	chunk_size: 512M 	num_reg: 5  	lose cover RAM: 430M
[    0.002645]  gran_size: 256M 	chunk_size: 1G 	num_reg: 6  	lose cover RAM: 430M
[    0.002647]  gran_size: 256M 	chunk_size: 2G 	num_reg: 7  	lose cover RAM: 430M
[    0.002648]  gran_size: 512M 	chunk_size: 512M 	num_reg: 5  	lose cover RAM: 430M
[    0.002650]  gran_size: 512M 	chunk_size: 1G 	num_reg: 6  	lose cover RAM: 430M
[    0.002652]  gran_size: 512M 	chunk_size: 2G 	num_reg: 7  	lose cover RAM: 430M
[    0.002654]  gran_size: 1G 	chunk_size: 1G 	num_reg: 4  	lose cover RAM: 942M
[    0.002656]  gran_size: 1G 	chunk_size: 2G 	num_reg: 4  	lose cover RAM: 942M
[    0.002658]  gran_size: 2G 	chunk_size: 2G 	num_reg: 3  	lose cover RAM: 1966M
[    0.002660] mtrr_cleanup: can not find optimal value
[    0.002661] please specify mtrr_gran_size/mtrr_chunk_size
[    0.002666] e820: update [mem 0xcbc00000-0xffffffff] usable ==> reserved
[    0.002671] last_pfn = 0xcb000 max_arch_pfn = 0x400000000
[    0.015120] found SMP MP-table at [mem 0x000fd7f0-0x000fd7ff]
[    0.019234] secureboot: Secure boot disabled
[    0.019236] RAMDISK: [mem 0x38b5a000-0x3c7ccfff]
[    0.019243] ACPI: Early table checksum verification disabled
[    0.019247] ACPI: RSDP 0x00000000CA85F000 000024 (v02 _ASUS_)
[    0.019252] ACPI: XSDT 0x00000000CA85F080 00007C (v01 _ASUS_ Notebook 01072009 AMI  00010013)
[    0.019259] ACPI: FACP 0x00000000CA872138 00010C (v05 _ASUS_ Notebook 01072009 AMI  00010013)
[    0.019267] ACPI: DSDT 0x00000000CA85F190 012FA6 (v02 _ASUS_ Notebook 00000013 INTL 20091112)
[    0.019272] ACPI: FACS 0x00000000CA88A080 000040
[    0.019275] ACPI: APIC 0x00000000CA872248 000072 (v03 _ASUS_ Notebook 01072009 AMI  00010013)
[    0.019280] ACPI: FPDT 0x00000000CA8722C0 000044 (v01 _ASUS_ Notebook 01072009 AMI  00010013)
[    0.019284] ACPI: ECDT 0x00000000CA872308 0000C1 (v01 _ASUS_ Notebook 01072009 AMI. 00000005)
[    0.019289] ACPI: MCFG 0x00000000CA8723D0 00003C (v01 _ASUS_ Notebook 01072009 MSFT 00000097)
[    0.019293] ACPI: SLIC 0x00000000CA872410 000176 (v01 _ASUS_ Notebook 01072009 ASUS 00000001)
[    0.019298] ACPI: HPET 0x00000000CA872588 000038 (v01 _ASUS_ Notebook 01072009 AMI. 00000005)
[    0.019302] ACPI: SSDT 0x00000000CA8725C0 000632 (v01 AhciR1 AhciTab1 00001000 INTL 20091112)
[    0.019306] ACPI: SSDT 0x00000000CA872BF8 00049E (v01 AhciR2 AhciTab2 00001000 INTL 20091112)
[    0.019311] ACPI: SSDT 0x00000000CA873098 00098E (v01 PmRef  Cpu0Ist  00003000 INTL 20051117)
[    0.019315] ACPI: SSDT 0x00000000CA873A28 000A92 (v01 PmRef  CpuPm    00003000 INTL 20051117)
[    0.019319] ACPI: Reserving FACP table memory at [mem 0xca872138-0xca872243]
[    0.019321] ACPI: Reserving DSDT table memory at [mem 0xca85f190-0xca872135]
[    0.019323] ACPI: Reserving FACS table memory at [mem 0xca88a080-0xca88a0bf]
[    0.019324] ACPI: Reserving APIC table memory at [mem 0xca872248-0xca8722b9]
[    0.019325] ACPI: Reserving FPDT table memory at [mem 0xca8722c0-0xca872303]
[    0.019327] ACPI: Reserving ECDT table memory at [mem 0xca872308-0xca8723c8]
[    0.019328] ACPI: Reserving MCFG table memory at [mem 0xca8723d0-0xca87240b]
[    0.019329] ACPI: Reserving SLIC table memory at [mem 0xca872410-0xca872585]
[    0.019331] ACPI: Reserving HPET table memory at [mem 0xca872588-0xca8725bf]
[    0.019332] ACPI: Reserving SSDT table memory at [mem 0xca8725c0-0xca872bf1]
[    0.019334] ACPI: Reserving SSDT table memory at [mem 0xca872bf8-0xca873095]
[    0.019335] ACPI: Reserving SSDT table memory at [mem 0xca873098-0xca873a25]
[    0.019336] ACPI: Reserving SSDT table memory at [mem 0xca873a28-0xca8744b9]
[    0.019471] No NUMA configuration found
[    0.019472] Faking a node at [mem 0x0000000000000000-0x000000042f1fffff]
[    0.019485] NODE_DATA(0) allocated [mem 0x42f1ca000-0x42f1f3fff]
[    0.020003] Zone ranges:
[    0.020004]   DMA      [mem 0x0000000000001000-0x0000000000ffffff]
[    0.020006]   DMA32    [mem 0x0000000001000000-0x00000000ffffffff]
[    0.020008]   Normal   [mem 0x0000000100000000-0x000000042f1fffff]
[    0.020011]   Device   empty
[    0.020012] Movable zone start for each node
[    0.020016] Early memory node ranges
[    0.020016]   node   0: [mem 0x0000000000001000-0x000000000009efff]
[    0.020018]   node   0: [mem 0x0000000000100000-0x000000001fffffff]
[    0.020019]   node   0: [mem 0x0000000020200000-0x0000000040003fff]
[    0.020021]   node   0: [mem 0x0000000040005000-0x00000000c972ffff]
[    0.020022]   node   0: [mem 0x00000000c9d34000-0x00000000c9d4afff]
[    0.020024]   node   0: [mem 0x00000000c9d51000-0x00000000c9d52fff]
[    0.020025]   node   0: [mem 0x00000000c9d61000-0x00000000c9ef2fff]
[    0.020026]   node   0: [mem 0x00000000c9ef7000-0x00000000c9f3ffff]
[    0.020027]   node   0: [mem 0x00000000c9f65000-0x00000000c9f67fff]
[    0.020028]   node   0: [mem 0x00000000c9f6a000-0x00000000c9f80fff]
[    0.020029]   node   0: [mem 0x00000000c9f87000-0x00000000c9f8efff]
[    0.020031]   node   0: [mem 0x00000000c9f90000-0x00000000c9f9efff]
[    0.020032]   node   0: [mem 0x00000000c9fa0000-0x00000000c9faafff]
[    0.020033]   node   0: [mem 0x00000000c9fb0000-0x00000000c9fdbfff]
[    0.020034]   node   0: [mem 0x00000000c9fdd000-0x00000000c9fecfff]
[    0.020036]   node   0: [mem 0x00000000ca014000-0x00000000ca026fff]
[    0.020037]   node   0: [mem 0x00000000ca028000-0x00000000ca028fff]
[    0.020038]   node   0: [mem 0x00000000ca02b000-0x00000000ca02bfff]
[    0.020040]   node   0: [mem 0x00000000ca031000-0x00000000ca046fff]
[    0.020041]   node   0: [mem 0x00000000ca892000-0x00000000ca892fff]
[    0.020042]   node   0: [mem 0x00000000ca8d6000-0x00000000cace2fff]
[    0.020043]   node   0: [mem 0x00000000caff4000-0x00000000caffffff]
[    0.020044]   node   0: [mem 0x0000000100000000-0x000000042f1fffff]
[    0.020048] Initmem setup node 0 [mem 0x0000000000001000-0x000000042f1fffff]
[    0.020055] On node 0, zone DMA: 1 pages in unavailable ranges
[    0.020097] On node 0, zone DMA: 97 pages in unavailable ranges
[    0.022692] On node 0, zone DMA32: 512 pages in unavailable ranges
[    0.028336] On node 0, zone DMA32: 1 pages in unavailable ranges
[    0.028371] On node 0, zone DMA32: 1540 pages in unavailable ranges
[    0.028373] On node 0, zone DMA32: 6 pages in unavailable ranges
[    0.028378] On node 0, zone DMA32: 14 pages in unavailable ranges
[    0.028380] On node 0, zone DMA32: 4 pages in unavailable ranges
[    0.028382] On node 0, zone DMA32: 37 pages in unavailable ranges
[    0.028383] On node 0, zone DMA32: 2 pages in unavailable ranges
[    0.028384] On node 0, zone DMA32: 6 pages in unavailable ranges
[    0.028385] On node 0, zone DMA32: 1 pages in unavailable ranges
[    0.028387] On node 0, zone DMA32: 1 pages in unavailable ranges
[    0.028388] On node 0, zone DMA32: 5 pages in unavailable ranges
[    0.028389] On node 0, zone DMA32: 1 pages in unavailable ranges
[    0.028391] On node 0, zone DMA32: 39 pages in unavailable ranges
[    0.028392] On node 0, zone DMA32: 1 pages in unavailable ranges
[    0.028393] On node 0, zone DMA32: 2 pages in unavailable ranges
[    0.028394] On node 0, zone DMA32: 5 pages in unavailable ranges
[    0.028432] On node 0, zone DMA32: 2123 pages in unavailable ranges
[    0.028445] On node 0, zone DMA32: 67 pages in unavailable ranges
[    0.028460] On node 0, zone DMA32: 785 pages in unavailable ranges
[    0.062161] On node 0, zone Normal: 20480 pages in unavailable ranges
[    0.062232] On node 0, zone Normal: 3584 pages in unavailable ranges
[    0.062253] Reserving Intel graphics memory at [mem 0xcbe00000-0xcfdfffff]
[    0.062438] ACPI: PM-Timer IO Port: 0x408
[    0.062449] ACPI: LAPIC_NMI (acpi_id[0xff] high edge lint[0x1])
[    0.062461] IOAPIC[0]: apic_id 2, version 32, address 0xfec00000, GSI 0-23
[    0.062465] ACPI: INT_SRC_OVR (bus 0 bus_irq 0 global_irq 2 dfl dfl)
[    0.062467] ACPI: INT_SRC_OVR (bus 0 bus_irq 9 global_irq 9 high level)
[    0.062472] ACPI: Using ACPI (MADT) for SMP configuration information
[    0.062474] ACPI: HPET id: 0x8086a701 base: 0xfed00000
[    0.062480] TSC deadline timer available
[    0.062481] smpboot: Allowing 4 CPUs, 0 hotplug CPUs
[    0.062568] PM: hibernation: Registered nosave memory: [mem 0x00000000-0x00000fff]
[    0.062572] PM: hibernation: Registered nosave memory: [mem 0x0009f000-0x0009ffff]
[    0.062574] PM: hibernation: Registered nosave memory: [mem 0x000a0000-0x000fffff]
[    0.062577] PM: hibernation: Registered nosave memory: [mem 0x20000000-0x201fffff]
[    0.062581] PM: hibernation: Registered nosave memory: [mem 0x40004000-0x40004fff]
[    0.062584] PM: hibernation: Registered nosave memory: [mem 0xbddc3000-0xbddc3fff]
[    0.062587] PM: hibernation: Registered nosave memory: [mem 0xbddcf000-0xbddcffff]
[    0.062588] PM: hibernation: Registered nosave memory: [mem 0xbddd0000-0xbddd0fff]
[    0.062592] PM: hibernation: Registered nosave memory: [mem 0xbdde0000-0xbdde0fff]
[    0.062595] PM: hibernation: Registered nosave memory: [mem 0xbddf0000-0xbddf0fff]
[    0.062599] PM: hibernation: Registered nosave memory: [mem 0xbddfe000-0xbddfefff]
[    0.062602] PM: hibernation: Registered nosave memory: [mem 0xc9730000-0xc9d30fff]
[    0.062603] PM: hibernation: Registered nosave memory: [mem 0xc9d31000-0xc9d33fff]
[    0.062607] PM: hibernation: Registered nosave memory: [mem 0xc9d4b000-0xc9d50fff]
[    0.062610] PM: hibernation: Registered nosave memory: [mem 0xc9d53000-0xc9d60fff]
[    0.062614] PM: hibernation: Registered nosave memory: [mem 0xc9ef3000-0xc9ef6fff]
[    0.062617] PM: hibernation: Registered nosave memory: [mem 0xc9f40000-0xc9f64fff]
[    0.062621] PM: hibernation: Registered nosave memory: [mem 0xc9f68000-0xc9f69fff]
[    0.062624] PM: hibernation: Registered nosave memory: [mem 0xc9f81000-0xc9f86fff]
[    0.062628] PM: hibernation: Registered nosave memory: [mem 0xc9f8f000-0xc9f8ffff]
[    0.062632] PM: hibernation: Registered nosave memory: [mem 0xc9f9f000-0xc9f9ffff]
[    0.062635] PM: hibernation: Registered nosave memory: [mem 0xc9fab000-0xc9faffff]
[    0.062639] PM: hibernation: Registered nosave memory: [mem 0xc9fdc000-0xc9fdcfff]
[    0.062643] PM: hibernation: Registered nosave memory: [mem 0xc9fed000-0xca013fff]
[    0.062647] PM: hibernation: Registered nosave memory: [mem 0xca027000-0xca027fff]
[    0.062650] PM: hibernation: Registered nosave memory: [mem 0xca029000-0xca02afff]
[    0.062654] PM: hibernation: Registered nosave memory: [mem 0xca02c000-0xca030fff]
[    0.062658] PM: hibernation: Registered nosave memory: [mem 0xca047000-0xca60cfff]
[    0.062659] PM: hibernation: Registered nosave memory: [mem 0xca60d000-0xca88cfff]
[    0.062660] PM: hibernation: Registered nosave memory: [mem 0xca88d000-0xca891fff]
[    0.062671] PM: hibernation: Registered nosave memory: [mem 0xca893000-0xca8d5fff]
[    0.062675] PM: hibernation: Registered nosave memory: [mem 0xcace3000-0xcaff3fff]
[    0.062679] PM: hibernation: Registered nosave memory: [mem 0xcb000000-0xcbbfffff]
[    0.062680] PM: hibernation: Registered nosave memory: [mem 0xcbc00000-0xcfdfffff]
[    0.062681] PM: hibernation: Registered nosave memory: [mem 0xcfe00000-0xf7ffffff]
[    0.062682] PM: hibernation: Registered nosave memory: [mem 0xf8000000-0xfbffffff]
[    0.062683] PM: hibernation: Registered nosave memory: [mem 0xfc000000-0xfebfffff]
[    0.062684] PM: hibernation: Registered nosave memory: [mem 0xfec00000-0xfec00fff]
[    0.062685] PM: hibernation: Registered nosave memory: [mem 0xfec01000-0xfecfffff]
[    0.062686] PM: hibernation: Registered nosave memory: [mem 0xfed00000-0xfed03fff]
[    0.062687] PM: hibernation: Registered nosave memory: [mem 0xfed04000-0xfed1bfff]
[    0.062688] PM: hibernation: Registered nosave memory: [mem 0xfed1c000-0xfed1ffff]
[    0.062689] PM: hibernation: Registered nosave memory: [mem 0xfed20000-0xfedfffff]
[    0.062690] PM: hibernation: Registered nosave memory: [mem 0xfee00000-0xfee00fff]
[    0.062691] PM: hibernation: Registered nosave memory: [mem 0xfee01000-0xfeffffff]
[    0.062692] PM: hibernation: Registered nosave memory: [mem 0xff000000-0xffffffff]
[    0.062694] [mem 0xcfe00000-0xf7ffffff] available for PCI devices
[    0.062697] Booting paravirtualized kernel on bare hardware
[    0.062700] clocksource: refined-jiffies: mask: 0xffffffff max_cycles: 0xffffffff, max_idle_ns: 7645519600211568 ns
[    0.062713] setup_percpu: NR_CPUS:8192 nr_cpumask_bits:4 nr_cpu_ids:4 nr_node_ids:1
[    0.062920] percpu: Embedded 60 pages/cpu s208896 r8192 d28672 u524288
[    0.062936] pcpu-alloc: s208896 r8192 d28672 u524288 alloc=1*2097152
[    0.062939] pcpu-alloc: [0] 0 1 2 3 
[    0.063001] Built 1 zonelists, mobility grouping on.  Total pages: 4099752
[    0.063003] Policy zone: Normal
[    0.063005] Kernel command line: BOOT_IMAGE=/boot/vmlinuz-5.15.0-53-generic root=UUID=6ee56edb-d1af-4690-976b-b6d26135dcb0 ro quiet splash vt.handoff=7
[    0.063105] Unknown kernel command line parameters "splash BOOT_IMAGE=/boot/vmlinuz-5.15.0-53-generic", will be passed to user space.
[    0.063934] Dentry cache hash table entries: 2097152 (order: 12, 16777216 bytes, linear)
[    0.064358] Inode-cache hash table entries: 1048576 (order: 11, 8388608 bytes, linear)
[    0.064433] mem auto-init: stack:off, heap alloc:on, heap free:off
[    0.116331] Memory: 16007684K/16659960K available (16393K kernel code, 4378K rwdata, 10812K rodata, 3232K init, 6568K bss, 652016K reserved, 0K cma-reserved)
[    0.116684] SLUB: HWalign=64, Order=0-3, MinObjects=0, CPUs=4, Nodes=1
[    0.116704] Kernel/User page tables isolation: enabled
[    0.116724] ftrace: allocating 50523 entries in 198 pages
[    0.144780] ftrace: allocated 198 pages with 4 groups
[    0.144920] rcu: Hierarchical RCU implementation.
[    0.144921] rcu: 	RCU restricting CPUs from NR_CPUS=8192 to nr_cpu_ids=4.
[    0.144923] 	Rude variant of Tasks RCU enabled.
[    0.144924] 	Tracing variant of Tasks RCU enabled.
[    0.144925] rcu: RCU calculated value of scheduler-enlistment delay is 25 jiffies.
[    0.144926] rcu: Adjusting geometry for rcu_fanout_leaf=16, nr_cpu_ids=4
[    0.150242] NR_IRQS: 524544, nr_irqs: 456, preallocated irqs: 16
[    0.150464] random: crng init done
[    0.150494] Console: colour dummy device 80x25
[    0.150533] printk: console [tty0] enabled
[    0.150554] ACPI: Core revision 20210730
[    0.150699] clocksource: hpet: mask: 0xffffffff max_cycles: 0xffffffff, max_idle_ns: 133484882848 ns
[    0.150717] APIC: Switch to symmetric I/O mode setup
[    0.150790] x2apic: IRQ remapping doesn't support X2APIC mode
[    0.151242] ..TIMER: vector=0x30 apic1=0 pin1=2 apic2=-1 pin2=-1
[    0.170717] clocksource: tsc-early: mask: 0xffffffffffffffff max_cycles: 0x23f448a1650, max_idle_ns: 440795208760 ns
[    0.170725] Calibrating delay loop (skipped), value calculated using timer frequency.. 4988.65 BogoMIPS (lpj=9977300)
[    0.170728] pid_max: default: 32768 minimum: 301
[    0.176300] LSM: Security Framework initializing
[    0.176314] landlock: Up and running.
[    0.176316] Yama: becoming mindful.
[    0.176348] AppArmor: AppArmor initialized
[    0.176410] Mount-cache hash table entries: 32768 (order: 6, 262144 bytes, linear)
[    0.176441] Mountpoint-cache hash table entries: 32768 (order: 6, 262144 bytes, linear)
[    0.176738] CPU0: Thermal monitoring enabled (TM1)
[    0.176759] process: using mwait in idle threads
[    0.176762] Last level iTLB entries: 4KB 512, 2MB 8, 4MB 8
[    0.176764] Last level dTLB entries: 4KB 512, 2MB 32, 4MB 32, 1GB 0
[    0.176770] Spectre V1 : Mitigation: usercopy/swapgs barriers and __user pointer sanitization
[    0.176773] Spectre V2 : Mitigation: Retpolines
[    0.176773] Spectre V2 : Spectre v2 / SpectreRSB mitigation: Filling RSB on context switch
[    0.176774] Spectre V2 : Spectre v2 / SpectreRSB : Filling RSB on VMEXIT
[    0.176775] Spectre V2 : Enabling Restricted Speculation for firmware calls
[    0.176777] Spectre V2 : mitigation: Enabling conditional Indirect Branch Prediction Barrier
[    0.176778] Spectre V2 : User space: Mitigation: STIBP via seccomp and prctl
[    0.176780] Speculative Store Bypass: Mitigation: Speculative Store Bypass disabled via prctl and seccomp
[    0.176783] MDS: Mitigation: Clear CPU buffers
[    0.176784] MMIO Stale Data: Unknown: No mitigations
[    0.176785] SRBDS: Vulnerable: No microcode
[    0.199866] Freeing SMP alternatives memory: 40K
[    0.200850] smpboot: Estimated ratio of average max frequency by base frequency (times 1024): 1187
[    0.200860] smpboot: CPU0: Intel(R) Core(TM) i5-3210M CPU @ 2.50GHz (family: 0x6, model: 0x3a, stepping: 0x9)
[    0.201045] Performance Events: PEBS fmt1+, IvyBridge events, 16-deep LBR, full-width counters, Intel PMU driver.
[    0.201054] ... version:                3
[    0.201055] ... bit width:              48
[    0.201056] ... generic registers:      4
[    0.201057] ... value mask:             0000ffffffffffff
[    0.201058] ... max period:             00007fffffffffff
[    0.201059] ... fixed-purpose events:   3
[    0.201060] ... event mask:             000000070000000f
[    0.201205] rcu: Hierarchical SRCU implementation.
[    0.201944] NMI watchdog: Enabled. Permanently consumes one hw-PMU counter.
[    0.202004] smp: Bringing up secondary CPUs ...
[    0.202121] x86: Booting SMP configuration:
[    0.202122] .... node  #0, CPUs:      #1 #2
[    0.205185] MDS CPU bug present and SMT on, data leak possible. See https://www.kernel.org/doc/html/latest/admin-guide/hw-vuln/mds.html for more details.
[    0.205185]  #3
[    0.206787] smp: Brought up 1 node, 4 CPUs
[    0.206787] smpboot: Max logical packages: 1
[    0.206787] smpboot: Total of 4 processors activated (19954.60 BogoMIPS)
[    0.208809] devtmpfs: initialized
[    0.208809] x86/mm: Memory block size: 128MB
[    0.208809] ACPI: PM: Registering ACPI NVS region [mem 0xc9730000-0xc9d30fff] (6295552 bytes)
[    0.208809] ACPI: PM: Registering ACPI NVS region [mem 0xca60d000-0xca88cfff] (2621440 bytes)
[    0.208809] ACPI: PM: Registering ACPI NVS region [mem 0xca893000-0xca8d5fff] (274432 bytes)
[    0.208809] clocksource: jiffies: mask: 0xffffffff max_cycles: 0xffffffff, max_idle_ns: 7645041785100000 ns
[    0.208809] futex hash table entries: 1024 (order: 4, 65536 bytes, linear)
[    0.208809] pinctrl core: initialized pinctrl subsystem
[    0.208809] PM: RTC time: 13:16:44, date: 2022-11-25
[    0.210861] NET: Registered PF_NETLINK/PF_ROUTE protocol family
[    0.211083] DMA: preallocated 2048 KiB GFP_KERNEL pool for atomic allocations
[    0.211214] DMA: preallocated 2048 KiB GFP_KERNEL|GFP_DMA pool for atomic allocations
[    0.211342] DMA: preallocated 2048 KiB GFP_KERNEL|GFP_DMA32 pool for atomic allocations
[    0.211351] audit: initializing netlink subsys (disabled)
[    0.211359] audit: type=2000 audit(1669382204.060:1): state=initialized audit_enabled=0 res=1
[    0.211359] thermal_sys: Registered thermal governor 'fair_share'
[    0.211359] thermal_sys: Registered thermal governor 'bang_bang'
[    0.211359] thermal_sys: Registered thermal governor 'step_wise'
[    0.211359] thermal_sys: Registered thermal governor 'user_space'
[    0.211359] thermal_sys: Registered thermal governor 'power_allocator'
[    0.211359] EISA bus registered
[    0.211359] cpuidle: using governor ladder
[    0.211359] cpuidle: using governor menu
[    0.211359] ACPI FADT declares the system doesn't support PCIe ASPM, so disable it
[    0.211359] ACPI: bus type PCI registered
[    0.211359] acpiphp: ACPI Hot Plug PCI Controller Driver version: 0.5
[    0.211359] PCI: MMCONFIG for domain 0000 [bus 00-3f] at [mem 0xf8000000-0xfbffffff] (base 0xf8000000)
[    0.211359] PCI: MMCONFIG at [mem 0xf8000000-0xfbffffff] reserved in E820
[    0.211359] pmd_set_huge: Cannot satisfy [mem 0xf8000000-0xf8200000] with a huge-page mapping due to MTRR override.
[    0.211359] PCI: Using configuration type 1 for base access
[    0.211359] core: PMU erratum BJ122, BV98, HSD29 worked around, HT is on
[    0.211449] ENERGY_PERF_BIAS: Set to 'normal', was 'performance'
[    0.212207] Kprobes globally optimized
[    0.212211] HugeTLB registered 2.00 MiB page size, pre-allocated 0 pages
[    0.214810] ACPI: Added _OSI(Module Device)
[    0.214811] ACPI: Added _OSI(Processor Device)
[    0.214813] ACPI: Added _OSI(3.0 _SCP Extensions)
[    0.214814] ACPI: Added _OSI(Processor Aggregator Device)
[    0.214815] ACPI: Added _OSI(Linux-Dell-Video)
[    0.214816] ACPI: Added _OSI(Linux-Lenovo-NV-HDMI-Audio)
[    0.214817] ACPI: Added _OSI(Linux-HPI-Hybrid-Graphics)
[    0.234037] ACPI: 5 ACPI AML tables successfully acquired and loaded
[    0.234972] ACPI: EC: EC started
[    0.234973] ACPI: EC: interrupt blocked
[    0.236188] ACPI: EC: EC_CMD/EC_SC=0x66, EC_DATA=0x62
[    0.236190] ACPI: EC: Boot ECDT EC used to handle transactions
[    0.354872] ACPI: [Firmware Bug]: BIOS _OSI(Linux) query ignored
[    0.355349] ACPI Error: Needed type [Reference], found [Integer] 000000004b2c6db1 (20210730/exresop-66)
[    0.355358] fbcon: Taking over console
[    0.355364] ACPI Error: AE_AML_OPERAND_TYPE, While resolving operands for [Store] (20210730/dswexec-431)

[    0.355376] No Local Variables are initialized for Method [_PDC]

[    0.355378] Initialized Arguments for Method [_PDC]:  (1 arguments defined for method invocation)
[    0.355379]   Arg0:   0000000050043087 <Obj>           Buffer(12) 01 00 00 00 01 00 00 00

[    0.355390] ACPI Error: Aborting method \_PR.CPU0._PDC due to previous error (AE_AML_OPERAND_TYPE) (20210730/psparse-529)
[    0.355840] ACPI: Dynamic OEM Table Load:
[    0.355847] ACPI: SSDT 0xFFFF9B7340364800 000303 (v01 PmRef  ApIst    00003000 INTL 20051117)
[    0.356962] ACPI: Dynamic OEM Table Load:
[    0.356967] ACPI: SSDT 0xFFFF9B73401FAE00 000119 (v01 PmRef  ApCst    00003000 INTL 20051117)
[    0.358939] ACPI: Interpreter enabled
[    0.358970] ACPI: PM: (supports S0 S3 S4 S5)
[    0.358972] ACPI: Using IOAPIC for interrupt routing
[    0.359007] PCI: Using host bridge windows from ACPI; if necessary, use "pci=nocrs" and report a bug
[    0.359009] PCI: Using E820 reservations for host bridge windows
[    0.359383] ACPI: Enabled 13 GPEs in block 00 to 3F
[    0.428621] ACPI: PCI Root Bridge [PCI0] (domain 0000 [bus 00-3e])
[    0.428630] acpi PNP0A08:00: _OSC: OS supports [ExtendedConfig ASPM ClockPM Segments MSI EDR HPX-Type3]
[    0.429105] acpi PNP0A08:00: _OSC: platform does not support [PCIeHotplug SHPCHotplug PME]
[    0.429409] acpi PNP0A08:00: _OSC: OS now controls [AER PCIeCapability LTR DPC]
[    0.429411] acpi PNP0A08:00: FADT indicates ASPM is unsupported, using BIOS configuration
[    0.430253] PCI host bridge to bus 0000:00
[    0.430256] pci_bus 0000:00: root bus resource [bus 00-3e]
[    0.430259] pci_bus 0000:00: root bus resource [io  0x0000-0x0cf7 window]
[    0.430261] pci_bus 0000:00: root bus resource [io  0x0d00-0xffff window]
[    0.430262] pci_bus 0000:00: root bus resource [mem 0x000a0000-0x000bffff window]
[    0.430264] pci_bus 0000:00: root bus resource [mem 0x000d0000-0x000dffff window]
[    0.430266] pci_bus 0000:00: root bus resource [mem 0xcfe00000-0xfeafffff window]
[    0.430332] pci 0000:00:00.0: [8086:0154] type 00 class 0x060000
[    0.430565] pci 0000:00:01.0: [8086:0151] type 01 class 0x060400
[    0.430605] pci 0000:00:01.0: PME# supported from D0 D3hot D3cold
[    0.430801] pci 0000:00:02.0: [8086:0166] type 00 class 0x030000
[    0.430812] pci 0000:00:02.0: reg 0x10: [mem 0xf7400000-0xf77fffff 64bit]
[    0.430819] pci 0000:00:02.0: reg 0x18: [mem 0xd0000000-0xdfffffff 64bit pref]
[    0.430824] pci 0000:00:02.0: reg 0x20: [io  0xf000-0xf03f]
[    0.430838] pci 0000:00:02.0: BAR 2: assigned to efifb
[    0.430841] pci 0000:00:02.0: Video device with shadowed ROM at [mem 0x000c0000-0x000dffff]
[    0.431324] pci 0000:00:14.0: [8086:1e31] type 00 class 0x0c0330
[    0.431347] pci 0000:00:14.0: reg 0x10: [mem 0xf7c00000-0xf7c0ffff 64bit]
[    0.431420] pci 0000:00:14.0: PME# supported from D3hot D3cold
[    0.431560] pci 0000:00:16.0: [8086:1e3a] type 00 class 0x078000
[    0.431582] pci 0000:00:16.0: reg 0x10: [mem 0xf7c1a000-0xf7c1a00f 64bit]
[    0.431659] pci 0000:00:16.0: PME# supported from D0 D3hot D3cold
[    0.431884] pci 0000:00:1a.0: [8086:1e2d] type 00 class 0x0c0320
[    0.431901] pci 0000:00:1a.0: reg 0x10: [mem 0xf7c18000-0xf7c183ff]
[    0.434813] pci 0000:00:1a.0: PME# supported from D0 D3hot D3cold
[    0.435016] pci 0000:00:1b.0: [8086:1e20] type 00 class 0x040300
[    0.435036] pci 0000:00:1b.0: reg 0x10: [mem 0xf7c10000-0xf7c13fff 64bit]
[    0.435120] pci 0000:00:1b.0: PME# supported from D0 D3hot D3cold
[    0.435323] pci 0000:00:1c.0: [8086:1e10] type 01 class 0x060400
[    0.435420] pci 0000:00:1c.0: PME# supported from D0 D3hot D3cold
[    0.435623] pci 0000:00:1c.1: [8086:1e12] type 01 class 0x060400
[    0.435718] pci 0000:00:1c.1: PME# supported from D0 D3hot D3cold
[    0.435926] pci 0000:00:1c.3: [8086:1e16] type 01 class 0x060400
[    0.436021] pci 0000:00:1c.3: PME# supported from D0 D3hot D3cold
[    0.436229] pci 0000:00:1d.0: [8086:1e26] type 00 class 0x0c0320
[    0.436247] pci 0000:00:1d.0: reg 0x10: [mem 0xf7c17000-0xf7c173ff]
[    0.436336] pci 0000:00:1d.0: PME# supported from D0 D3hot D3cold
[    0.436528] pci 0000:00:1f.0: [8086:1e59] type 00 class 0x060100
[    0.436817] pci 0000:00:1f.2: [8086:1e03] type 00 class 0x010601
[    0.436832] pci 0000:00:1f.2: reg 0x10: [io  0xf0b0-0xf0b7]
[    0.436841] pci 0000:00:1f.2: reg 0x14: [io  0xf0a0-0xf0a3]
[    0.436849] pci 0000:00:1f.2: reg 0x18: [io  0xf090-0xf097]
[    0.436857] pci 0000:00:1f.2: reg 0x1c: [io  0xf080-0xf083]
[    0.436866] pci 0000:00:1f.2: reg 0x20: [io  0xf060-0xf07f]
[    0.436874] pci 0000:00:1f.2: reg 0x24: [mem 0xf7c16000-0xf7c167ff]
[    0.436918] pci 0000:00:1f.2: PME# supported from D3hot
[    0.437099] pci 0000:00:1f.3: [8086:1e22] type 00 class 0x0c0500
[    0.437119] pci 0000:00:1f.3: reg 0x10: [mem 0xf7c15000-0xf7c150ff 64bit]
[    0.437140] pci 0000:00:1f.3: reg 0x20: [io  0xf040-0xf05f]
[    0.437274] pci 0000:01:00.0: [10de:1058] type 00 class 0x030000
[    0.437289] pci 0000:01:00.0: reg 0x10: [mem 0xf6000000-0xf6ffffff]
[    0.437300] pci 0000:01:00.0: reg 0x14: [mem 0xe0000000-0xe7ffffff 64bit pref]
[    0.437310] pci 0000:01:00.0: reg 0x1c: [mem 0xe8000000-0xe9ffffff 64bit pref]
[    0.437317] pci 0000:01:00.0: reg 0x24: [io  0xe000-0xe07f]
[    0.437324] pci 0000:01:00.0: reg 0x30: [mem 0xf7000000-0xf707ffff pref]
[    0.437331] pci 0000:01:00.0: enabling Extended Tags
[    0.437346] pci 0000:01:00.0: Enabling HDA controller
[    0.437829] pci 0000:00:01.0: PCI bridge to [bus 01]
[    0.437832] pci 0000:00:01.0:   bridge window [io  0xe000-0xefff]
[    0.437835] pci 0000:00:01.0:   bridge window [mem 0xf6000000-0xf70fffff]
[    0.437837] pci 0000:00:01.0:   bridge window [mem 0xe0000000-0xe9ffffff 64bit pref]
[    0.437894] pci 0000:00:1c.0: PCI bridge to [bus 02]
[    0.438057] pci 0000:03:00.0: [14e4:43b1] type 00 class 0x028000
[    0.438103] pci 0000:03:00.0: reg 0x10: [mem 0xf7a00000-0xf7a07fff 64bit]
[    0.438132] pci 0000:03:00.0: reg 0x18: [mem 0xf7800000-0xf79fffff 64bit]
[    0.438368] pci 0000:03:00.0: supports D1 D2
[    0.438370] pci 0000:03:00.0: PME# supported from D0 D1 D2 D3hot D3cold
[    0.438643] pci 0000:00:1c.1: PCI bridge to [bus 03]
[    0.438650] pci 0000:00:1c.1:   bridge window [mem 0xf7800000-0xf7afffff]
[    0.438744] pci 0000:04:00.0: [10ec:5289] type 00 class 0xff0000
[    0.438773] pci 0000:04:00.0: reg 0x10: [mem 0xf7b00000-0xf7b0ffff]
[    0.438964] pci 0000:04:00.0: supports D1 D2
[    0.438965] pci 0000:04:00.0: PME# supported from D1 D2 D3hot D3cold
[    0.439116] pci 0000:04:00.2: [10ec:8168] type 00 class 0x020000
[    0.439143] pci 0000:04:00.2: reg 0x10: [io  0xd000-0xd0ff]
[    0.439178] pci 0000:04:00.2: reg 0x18: [mem 0xea104000-0xea104fff 64bit pref]
[    0.439200] pci 0000:04:00.2: reg 0x20: [mem 0xea100000-0xea103fff 64bit pref]
[    0.439314] pci 0000:04:00.2: supports D1 D2
[    0.439316] pci 0000:04:00.2: PME# supported from D0 D1 D2 D3hot D3cold
[    0.439478] pci 0000:00:1c.3: PCI bridge to [bus 04]
[    0.439483] pci 0000:00:1c.3:   bridge window [io  0xd000-0xdfff]
[    0.439487] pci 0000:00:1c.3:   bridge window [mem 0xf7b00000-0xf7bfffff]
[    0.439493] pci 0000:00:1c.3:   bridge window [mem 0xea100000-0xea1fffff 64bit pref]
[    0.499539] ACPI: PCI: Interrupt link LNKA configured for IRQ 11
[    0.499631] ACPI: PCI: Interrupt link LNKB configured for IRQ 3
[    0.499720] ACPI: PCI: Interrupt link LNKC configured for IRQ 10
[    0.499808] ACPI: PCI: Interrupt link LNKD configured for IRQ 10
[    0.499897] ACPI: PCI: Interrupt link LNKE configured for IRQ 0
[    0.499899] ACPI: PCI: Interrupt link LNKE disabled
[    0.499987] ACPI: PCI: Interrupt link LNKF configured for IRQ 0
[    0.499989] ACPI: PCI: Interrupt link LNKF disabled
[    0.500081] ACPI: PCI: Interrupt link LNKG configured for IRQ 5
[    0.500170] ACPI: PCI: Interrupt link LNKH configured for IRQ 4
[    0.500495] ACPI: EC: interrupt unblocked
[    0.500496] ACPI: EC: event unblocked
[    0.500506] ACPI: EC: EC_CMD/EC_SC=0x66, EC_DATA=0x62
[    0.500507] ACPI: EC: GPE=0x19
[    0.500509] ACPI: \_SB_.PCI0.LPCB.EC0_: Boot ECDT EC initialization complete
[    0.500511] ACPI: \_SB_.PCI0.LPCB.EC0_: EC: Used to handle transactions and events
[    0.500605] iommu: Default domain type: Translated 
[    0.500605] iommu: DMA domain TLB invalidation policy: lazy mode 
[    0.500605] SCSI subsystem initialized
[    0.500605] libata version 3.00 loaded.
[    0.500605] pci 0000:00:02.0: vgaarb: setting as boot VGA device
[    0.500605] pci 0000:00:02.0: vgaarb: VGA device added: decodes=io+mem,owns=io+mem,locks=none
[    0.500605] pci 0000:01:00.0: vgaarb: VGA device added: decodes=io+mem,owns=none,locks=none
[    0.500605] pci 0000:00:02.0: vgaarb: no bridge control possible
[    0.500605] pci 0000:01:00.0: vgaarb: bridge control possible
[    0.500605] vgaarb: loaded
[    0.500605] ACPI: bus type USB registered
[    0.500605] usbcore: registered new interface driver usbfs
[    0.500605] usbcore: registered new interface driver hub
[    0.500605] usbcore: registered new device driver usb
[    0.500605] pps_core: LinuxPPS API ver. 1 registered
[    0.500605] pps_core: Software ver. 5.3.6 - Copyright 2005-2007 Rodolfo Giometti <giometti@linux.it>
[    0.500605] PTP clock support registered
[    0.500605] EDAC MC: Ver: 3.0.0
[    0.500605] Registered efivars operations
[    0.500605] NetLabel: Initializing
[    0.500605] NetLabel:  domain hash size = 128
[    0.500605] NetLabel:  protocols = UNLABELED CIPSOv4 CALIPSO
[    0.500605] NetLabel:  unlabeled traffic allowed by default
[    0.500605] PCI: Using ACPI for IRQ routing
[    0.503089] PCI: pci_cache_line_size set to 64 bytes
[    0.503180] e820: reserve RAM buffer [mem 0x0009f000-0x0009ffff]
[    0.503183] e820: reserve RAM buffer [mem 0x40004000-0x43ffffff]
[    0.503184] e820: reserve RAM buffer [mem 0xbddc3018-0xbfffffff]
[    0.503186] e820: reserve RAM buffer [mem 0xbddd0018-0xbfffffff]
[    0.503187] e820: reserve RAM buffer [mem 0xbddf0018-0xbfffffff]
[    0.503188] e820: reserve RAM buffer [mem 0xc9730000-0xcbffffff]
[    0.503194] e820: reserve RAM buffer [mem 0xc9d4b000-0xcbffffff]
[    0.503199] e820: reserve RAM buffer [mem 0xc9d53000-0xcbffffff]
[    0.503205] e820: reserve RAM buffer [mem 0xc9ef3000-0xcbffffff]
[    0.503210] e820: reserve RAM buffer [mem 0xc9f40000-0xcbffffff]
[    0.503215] e820: reserve RAM buffer [mem 0xc9f68000-0xcbffffff]
[    0.503220] e820: reserve RAM buffer [mem 0xc9f81000-0xcbffffff]
[    0.503224] e820: reserve RAM buffer [mem 0xc9f8f000-0xcbffffff]
[    0.503229] e820: reserve RAM buffer [mem 0xc9f9f000-0xcbffffff]
[    0.503233] e820: reserve RAM buffer [mem 0xc9fab000-0xcbffffff]
[    0.503237] e820: reserve RAM buffer [mem 0xc9fdc000-0xcbffffff]
[    0.503241] e820: reserve RAM buffer [mem 0xc9fed000-0xcbffffff]
[    0.503244] e820: reserve RAM buffer [mem 0xca027000-0xcbffffff]
[    0.503247] e820: reserve RAM buffer [mem 0xca029000-0xcbffffff]
[    0.503251] e820: reserve RAM buffer [mem 0xca02c000-0xcbffffff]
[    0.503253] e820: reserve RAM buffer [mem 0xca047000-0xcbffffff]
[    0.503256] e820: reserve RAM buffer [mem 0xca893000-0xcbffffff]
[    0.503258] e820: reserve RAM buffer [mem 0xcace3000-0xcbffffff]
[    0.503259] e820: reserve RAM buffer [mem 0xcb000000-0xcbffffff]
[    0.503261] e820: reserve RAM buffer [mem 0x42f200000-0x42fffffff]
[    0.503696] hpet0: at MMIO 0xfed00000, IRQs 2, 8, 0, 0, 0, 0, 0, 0
[    0.503705] hpet0: 8 comparators, 64-bit 14.318180 MHz counter
[    0.505753] clocksource: Switched to clocksource tsc-early
[    0.513304] VFS: Disk quotas dquot_6.6.0
[    0.513326] VFS: Dquot-cache hash table entries: 512 (order 0, 4096 bytes)
[    0.513503] AppArmor: AppArmor Filesystem Enabled
[    0.513564] pnp: PnP ACPI init
[    0.513746] system 00:00: [mem 0xfed40000-0xfed44fff] has been reserved
[    0.570950] system 00:01: [io  0x0680-0x069f] has been reserved
[    0.570954] system 00:01: [io  0x1000-0x100f] has been reserved
[    0.570956] system 00:01: [io  0xffff] has been reserved
[    0.570958] system 00:01: [io  0xffff] has been reserved
[    0.570960] system 00:01: [io  0x0400-0x0453] has been reserved
[    0.570962] system 00:01: [io  0x0458-0x047f] has been reserved
[    0.570963] system 00:01: [io  0x0500-0x057f] has been reserved
[    0.570965] system 00:01: [io  0x164e-0x164f] has been reserved
[    0.571069] system 00:03: [io  0x0454-0x0457] has been reserved
[    0.571139] system 00:04: [io  0x04d0-0x04d1] has been reserved
[    0.571543] system 00:07: [mem 0xfed1c000-0xfed1ffff] has been reserved
[    0.571547] system 00:07: [mem 0xfed10000-0xfed17fff] has been reserved
[    0.571548] system 00:07: [mem 0xfed18000-0xfed18fff] has been reserved
[    0.571550] system 00:07: [mem 0xfed19000-0xfed19fff] has been reserved
[    0.571552] system 00:07: [mem 0xf8000000-0xfbffffff] has been reserved
[    0.571554] system 00:07: [mem 0xfed20000-0xfed3ffff] has been reserved
[    0.571556] system 00:07: [mem 0xfed90000-0xfed93fff] has been reserved
[    0.571558] system 00:07: [mem 0xfed45000-0xfed8ffff] has been reserved
[    0.571560] system 00:07: [mem 0xff000000-0xffffffff] has been reserved
[    0.571562] system 00:07: [mem 0xfee00000-0xfeefffff] could not be reserved
[    0.571564] system 00:07: [mem 0xcfe00000-0xcfe00fff] has been reserved
[    0.571687] system 00:08: [mem 0xcfe00000-0xcfe00fff] has been reserved
[    0.571934] system 00:09: [mem 0x20000000-0x201fffff] has been reserved
[    0.571936] system 00:09: [mem 0x40004000-0x40004fff] has been reserved
[    0.571992] pnp: PnP ACPI: found 10 devices
[    0.577799] clocksource: acpi_pm: mask: 0xffffff max_cycles: 0xffffff, max_idle_ns: 2085701024 ns
[    0.577859] NET: Registered PF_INET protocol family
[    0.578008] IP idents hash table entries: 262144 (order: 9, 2097152 bytes, linear)
[    0.580392] tcp_listen_portaddr_hash hash table entries: 8192 (order: 5, 131072 bytes, linear)
[    0.580426] Table-perturb hash table entries: 65536 (order: 6, 262144 bytes, linear)
[    0.580495] TCP established hash table entries: 131072 (order: 8, 1048576 bytes, linear)
[    0.580726] TCP bind hash table entries: 65536 (order: 8, 1048576 bytes, linear)
[    0.580813] TCP: Hash tables configured (established 131072 bind 65536)
[    0.580897] MPTCP token hash table entries: 16384 (order: 6, 393216 bytes, linear)
[    0.580981] UDP hash table entries: 8192 (order: 6, 262144 bytes, linear)
[    0.581028] UDP-Lite hash table entries: 8192 (order: 6, 262144 bytes, linear)
[    0.581095] NET: Registered PF_UNIX/PF_LOCAL protocol family
[    0.581101] NET: Registered PF_XDP protocol family
[    0.581115] pci 0000:00:01.0: PCI bridge to [bus 01]
[    0.581119] pci 0000:00:01.0:   bridge window [io  0xe000-0xefff]
[    0.581123] pci 0000:00:01.0:   bridge window [mem 0xf6000000-0xf70fffff]
[    0.581126] pci 0000:00:01.0:   bridge window [mem 0xe0000000-0xe9ffffff 64bit pref]
[    0.581130] pci 0000:00:1c.0: PCI bridge to [bus 02]
[    0.581142] pci 0000:00:1c.1: PCI bridge to [bus 03]
[    0.581147] pci 0000:00:1c.1:   bridge window [mem 0xf7800000-0xf7afffff]
[    0.581156] pci 0000:00:1c.3: PCI bridge to [bus 04]
[    0.581159] pci 0000:00:1c.3:   bridge window [io  0xd000-0xdfff]
[    0.581164] pci 0000:00:1c.3:   bridge window [mem 0xf7b00000-0xf7bfffff]
[    0.581168] pci 0000:00:1c.3:   bridge window [mem 0xea100000-0xea1fffff 64bit pref]
[    0.581175] pci_bus 0000:00: resource 4 [io  0x0000-0x0cf7 window]
[    0.581177] pci_bus 0000:00: resource 5 [io  0x0d00-0xffff window]
[    0.581179] pci_bus 0000:00: resource 6 [mem 0x000a0000-0x000bffff window]
[    0.581181] pci_bus 0000:00: resource 7 [mem 0x000d0000-0x000dffff window]
[    0.581182] pci_bus 0000:00: resource 8 [mem 0xcfe00000-0xfeafffff window]
[    0.581184] pci_bus 0000:01: resource 0 [io  0xe000-0xefff]
[    0.581185] pci_bus 0000:01: resource 1 [mem 0xf6000000-0xf70fffff]
[    0.581187] pci_bus 0000:01: resource 2 [mem 0xe0000000-0xe9ffffff 64bit pref]
[    0.581189] pci_bus 0000:03: resource 1 [mem 0xf7800000-0xf7afffff]
[    0.581191] pci_bus 0000:04: resource 0 [io  0xd000-0xdfff]
[    0.581192] pci_bus 0000:04: resource 1 [mem 0xf7b00000-0xf7bfffff]
[    0.581194] pci_bus 0000:04: resource 2 [mem 0xea100000-0xea1fffff 64bit pref]
[    0.606845] pci 0000:00:1a.0: quirk_usb_early_handoff+0x0/0x160 took 22384 usecs
[    0.630843] pci 0000:00:1d.0: quirk_usb_early_handoff+0x0/0x160 took 23412 usecs
[    0.630911] PCI: CLS 64 bytes, default 64
[    0.630917] PCI-DMA: Using software bounce buffering for IO (SWIOTLB)
[    0.630919] software IO TLB: mapped [mem 0x00000000b9dc3000-0x00000000bddc3000] (64MB)
[    0.631001] Trying to unpack rootfs image as initramfs...
[    0.631758] Initialise system trusted keyrings
[    0.631774] Key type blacklist registered
[    0.631821] workingset: timestamp_bits=36 max_order=22 bucket_order=0
[    0.634162] zbud: loaded
[    0.634580] squashfs: version 4.0 (2009/01/31) Phillip Lougher
[    0.634826] fuse: init (API version 7.34)
[    0.635046] integrity: Platform Keyring initialized
[    0.646743] Key type asymmetric registered
[    0.646748] Asymmetric key parser 'x509' registered
[    0.646801] Block layer SCSI generic (bsg) driver version 0.4 loaded (major 243)
[    0.646849] io scheduler mq-deadline registered
[    0.648250] shpchp: Standard Hot Plug PCI Controller Driver version: 0.4
[    0.648892] ACPI: AC: AC Adapter [AC0] (on-line)
[    0.648980] input: Lid Switch as /devices/LNXSYSTM:00/LNXSYBUS:00/PNP0C0D:00/input/input0
[    0.649010] ACPI: button: Lid Switch [LID]
[    0.649058] input: Sleep Button as /devices/LNXSYSTM:00/LNXSYBUS:00/PNP0C0E:00/input/input1
[    0.649109] ACPI: button: Sleep Button [SLPB]
[    0.649155] input: Power Button as /devices/LNXSYSTM:00/LNXPWRBN:00/input/input2
[    0.649197] ACPI: button: Power Button [PWRF]
[    0.651277] thermal LNXTHERM:00: registered as thermal_zone0
[    0.651282] ACPI: thermal: Thermal Zone [THRM] (52 C)
[    0.651523] Serial: 8250/16550 driver, 32 ports, IRQ sharing enabled
[    0.654052] Linux agpgart interface v0.103
[    0.656297] loop: module loaded
[    0.656646] tun: Universal TUN/TAP device driver, 1.6
[    0.656677] PPP generic driver version 2.4.2
[    0.656740] VFIO - User Level meta-driver version: 0.3
[    0.656832] ehci_hcd: USB 2.0 'Enhanced' Host Controller (EHCI) Driver
[    0.656837] ehci-pci: EHCI PCI platform driver
[    0.657038] ehci-pci 0000:00:1a.0: EHCI Host Controller
[    0.657051] ehci-pci 0000:00:1a.0: new USB bus registered, assigned bus number 1
[    0.657065] ehci-pci 0000:00:1a.0: debug port 2
[    0.661012] ehci-pci 0000:00:1a.0: irq 16, io mem 0xf7c18000
[    0.674751] ehci-pci 0000:00:1a.0: USB 2.0 started, EHCI 1.00
[    0.674848] usb usb1: New USB device found, idVendor=1d6b, idProduct=0002, bcdDevice= 5.15
[    0.674851] usb usb1: New USB device strings: Mfr=3, Product=2, SerialNumber=1
[    0.674853] usb usb1: Product: EHCI Host Controller
[    0.674855] usb usb1: Manufacturer: Linux 5.15.0-53-generic ehci_hcd
[    0.674856] usb usb1: SerialNumber: 0000:00:1a.0
[    0.674996] hub 1-0:1.0: USB hub found
[    0.675004] hub 1-0:1.0: 2 ports detected
[    0.675292] ehci-pci 0000:00:1d.0: EHCI Host Controller
[    0.675298] ehci-pci 0000:00:1d.0: new USB bus registered, assigned bus number 2
[    0.675310] ehci-pci 0000:00:1d.0: debug port 2
[    0.679236] ehci-pci 0000:00:1d.0: irq 23, io mem 0xf7c17000
[    0.694754] ehci-pci 0000:00:1d.0: USB 2.0 started, EHCI 1.00
[    0.694823] usb usb2: New USB device found, idVendor=1d6b, idProduct=0002, bcdDevice= 5.15
[    0.694826] usb usb2: New USB device strings: Mfr=3, Product=2, SerialNumber=1
[    0.694828] usb usb2: Product: EHCI Host Controller
[    0.694830] usb usb2: Manufacturer: Linux 5.15.0-53-generic ehci_hcd
[    0.694831] usb usb2: SerialNumber: 0000:00:1d.0
[    0.694979] hub 2-0:1.0: USB hub found
[    0.694987] hub 2-0:1.0: 2 ports detected
[    0.695126] ehci-platform: EHCI generic platform driver
[    0.695143] ohci_hcd: USB 1.1 'Open' Host Controller (OHCI) Driver
[    0.695147] ohci-pci: OHCI PCI platform driver
[    0.695157] ohci-platform: OHCI generic platform driver
[    0.695164] uhci_hcd: USB Universal Host Controller Interface driver
[    0.695225] i8042: PNP: PS/2 Controller [PNP030b:PS2K,PNP0f03:PS2M] at 0x60,0x64 irq 1,12
[    0.697279] i8042: Detected active multiplexing controller, rev 1.1
[    0.698208] serio: i8042 KBD port at 0x60,0x64 irq 1
[    0.698221] serio: i8042 AUX0 port at 0x60,0x64 irq 12
[    0.698264] serio: i8042 AUX1 port at 0x60,0x64 irq 12
[    0.698284] serio: i8042 AUX2 port at 0x60,0x64 irq 12
[    0.698303] serio: i8042 AUX3 port at 0x60,0x64 irq 12
[    0.698416] mousedev: PS/2 mouse device common for all mice
[    0.698579] rtc_cmos 00:02: RTC can wake from S4
[    0.698822] rtc_cmos 00:02: registered as rtc0
[    0.698856] rtc_cmos 00:02: setting system clock to 2022-11-25T13:16:46 UTC (1669382206)
[    0.698875] rtc_cmos 00:02: alarms up to one month, y3k, 242 bytes nvram, hpet irqs
[    0.698886] i2c_dev: i2c /dev entries driver
[    0.698965] device-mapper: core: CONFIG_IMA_DISABLE_HTABLE is disabled. Duplicate IMA measurements will not be recorded in the IMA log.
[    0.699000] device-mapper: uevent: version 1.0.3
[    0.699060] device-mapper: ioctl: 4.45.0-ioctl (2021-03-22) initialised: dm-devel@redhat.com
[    0.699083] platform eisa.0: Probing EISA bus 0
[    0.699086] platform eisa.0: EISA: Cannot allocate resource for mainboard
[    0.699087] platform eisa.0: Cannot allocate resource for EISA slot 1
[    0.699089] platform eisa.0: Cannot allocate resource for EISA slot 2
[    0.699090] platform eisa.0: Cannot allocate resource for EISA slot 3
[    0.699091] platform eisa.0: Cannot allocate resource for EISA slot 4
[    0.699092] platform eisa.0: Cannot allocate resource for EISA slot 5
[    0.699094] platform eisa.0: Cannot allocate resource for EISA slot 6
[    0.699095] platform eisa.0: Cannot allocate resource for EISA slot 7
[    0.699096] platform eisa.0: Cannot allocate resource for EISA slot 8
[    0.699097] platform eisa.0: EISA: Detected 0 cards
[    0.699102] intel_pstate: Intel P-state driver initializing
[    0.699532] ledtrig-cpu: registered to indicate activity on CPUs
[    0.699572] efifb: probing for efifb
[    0.699598] efifb: No BGRT, not showing boot graphics
[    0.699599] efifb: framebuffer at 0xd0000000, using 3072k, total 3072k
[    0.699601] efifb: mode is 1024x768x32, linelength=4096, pages=1
[    0.699603] efifb: scrolling: redraw
[    0.699604] efifb: Truecolor: size=8:8:8:8, shift=24:16:8:0
[    0.699719] Console: switching to colour frame buffer device 128x48
[    0.707245] fb0: EFI VGA frame buffer device
[    0.707300] EFI Variables Facility v0.08 2004-May-17
[    0.710034] ACPI: battery: Slot [BAT0] (battery present)
[    0.714019] drop_monitor: Initializing network drop monitor service
[    0.714236] NET: Registered PF_INET6 protocol family
[    0.736477] input: AT Translated Set 2 keyboard as /devices/platform/i8042/serio0/input/input3
[    1.010747] usb 1-1: new high-speed USB device number 2 using ehci-pci
[    1.027003] Freeing initrd memory: 61900K
[    1.030738] usb 2-1: new high-speed USB device number 2 using ehci-pci
[    1.033487] Segment Routing with IPv6
[    1.033504] In-situ OAM (IOAM) with IPv6
[    1.033529] NET: Registered PF_PACKET protocol family
[    1.033595] Key type dns_resolver registered
[    1.033870] microcode: sig=0x306a9, pf=0x10, revision=0x21
[    1.033921] microcode: Microcode Update Driver: v2.2.
[    1.033927] IPI shorthand broadcast: enabled
[    1.033936] sched_clock: Marking stable (1033650098, 265341)->(2122976600, -1089061161)
[    1.034093] registered taskstats version 1
[    1.034139] Loading compiled-in X.509 certificates
[    1.034880] Loaded X.509 cert 'Build time autogenerated kernel key: 8584d6936bc49d8c8f6c326ac11854e3624115ca'
[    1.035530] Loaded X.509 cert 'Canonical Ltd. Live Patch Signing: 14df34d1a87cf37625abec039ef2bf521249b969'
[    1.036174] Loaded X.509 cert 'Canonical Ltd. Kernel Module Signing: 88f752e560a1e0737e31163a466ad7b70a850c19'
[    1.036176] blacklist: Loading compiled-in revocation X.509 certificates
[    1.036193] Loaded X.509 cert 'Canonical Ltd. Secure Boot Signing: 61482aa2830d0ab2ad5af10b7250da9033ddcef0'
[    1.036292] zswap: loaded using pool lzo/zbud
[    1.036446] Key type ._fscrypt registered
[    1.036447] Key type .fscrypt registered
[    1.036448] Key type fscrypt-provisioning registered
[    1.039433] Key type encrypted registered
[    1.039439] AppArmor: AppArmor sha1 policy hashing enabled
[    1.040361] ima: No TPM chip found, activating TPM-bypass!
[    1.040364] Loading compiled-in module X.509 certificates
[    1.041027] Loaded X.509 cert 'Build time autogenerated kernel key: 8584d6936bc49d8c8f6c326ac11854e3624115ca'
[    1.041029] ima: Allocated hash algorithm: sha1
[    1.041036] ima: No architecture policies found
[    1.041046] evm: Initialising EVM extended attributes:
[    1.041047] evm: security.selinux
[    1.041048] evm: security.SMACK64
[    1.041049] evm: security.SMACK64EXEC
[    1.041050] evm: security.SMACK64TRANSMUTE
[    1.041050] evm: security.SMACK64MMAP
[    1.041051] evm: security.apparmor
[    1.041051] evm: security.ima
[    1.041052] evm: security.capability
[    1.041053] evm: HMAC attrs: 0x1
[    1.041311] PM:   Magic number: 14:9:282
[    1.041336] tty tty19: hash matches
[    1.041531] RAS: Correctable Errors collector initialized.
[    1.042679] Freeing unused decrypted memory: 2036K
[    1.043071] Freeing unused kernel image (initmem) memory: 3232K
[    1.078772] Write protecting the kernel read-only data: 30720k
[    1.079519] Freeing unused kernel image (text/rodata gap) memory: 2036K
[    1.079795] Freeing unused kernel image (rodata/data gap) memory: 1476K
[    1.128069] x86/mm: Checked W+X mappings: passed, no W+X pages found.
[    1.128071] x86/mm: Checking user space page tables
[    1.167092] usb 1-1: New USB device found, idVendor=8087, idProduct=0024, bcdDevice= 0.00
[    1.167097] usb 1-1: New USB device strings: Mfr=0, Product=0, SerialNumber=0
[    1.167372] hub 1-1:1.0: USB hub found
[    1.167461] hub 1-1:1.0: 6 ports detected
[    1.174033] x86/mm: Checked W+X mappings: passed, no W+X pages found.
[    1.174038] Run /init as init process
[    1.174040]   with arguments:
[    1.174041]     /init
[    1.174042]     splash
[    1.174043]   with environment:
[    1.174043]     HOME=/
[    1.174044]     TERM=linux
[    1.174045]     BOOT_IMAGE=/boot/vmlinuz-5.15.0-53-generic
[    1.183066] usb 2-1: New USB device found, idVendor=8087, idProduct=0024, bcdDevice= 0.00
[    1.183071] usb 2-1: New USB device strings: Mfr=0, Product=0, SerialNumber=0
[    1.183369] hub 2-1:1.0: USB hub found
[    1.183429] hub 2-1:1.0: 6 ports detected
[    1.307901] ahci 0000:00:1f.2: version 3.0
[    1.309149] ACPI Warning: SystemIO range 0x0000000000000428-0x000000000000042F conflicts with OpRegion 0x0000000000000400-0x000000000000044F (\GPIS) (20210730/utaddress-204)
[    1.309160] ACPI Warning: SystemIO range 0x0000000000000428-0x000000000000042F conflicts with OpRegion 0x0000000000000400-0x000000000000047F (\PMIO) (20210730/utaddress-204)
[    1.309170] ACPI: OSL: Resource conflict; ACPI support missing from driver?
[    1.309395] ACPI Warning: SystemIO range 0x0000000000000540-0x000000000000054F conflicts with OpRegion 0x0000000000000500-0x000000000000057F (\GPIO) (20210730/utaddress-204)
[    1.309403] ACPI Warning: SystemIO range 0x0000000000000540-0x000000000000054F conflicts with OpRegion 0x0000000000000500-0x0000000000000563 (\GP01) (20210730/utaddress-204)
[    1.309410] ACPI: OSL: Resource conflict; ACPI support missing from driver?
[    1.312340] ACPI Warning: SystemIO range 0x0000000000000530-0x000000000000053F conflicts with OpRegion 0x0000000000000500-0x000000000000057F (\GPIO) (20210730/utaddress-204)
[    1.312350] ACPI Warning: SystemIO range 0x0000000000000530-0x000000000000053F conflicts with OpRegion 0x0000000000000500-0x0000000000000563 (\GP01) (20210730/utaddress-204)
[    1.312359] ACPI: OSL: Resource conflict; ACPI support missing from driver?
[    1.313212] ACPI Warning: SystemIO range 0x0000000000000500-0x000000000000052F conflicts with OpRegion 0x0000000000000500-0x000000000000057F (\GPIO) (20210730/utaddress-204)
[    1.313221] ACPI Warning: SystemIO range 0x0000000000000500-0x000000000000052F conflicts with OpRegion 0x0000000000000500-0x0000000000000563 (\GP01) (20210730/utaddress-204)
[    1.313229] ACPI: OSL: Resource conflict; ACPI support missing from driver?
[    1.313230] lpc_ich: Resource conflict(s) found affecting gpio_ich
[    1.319427] bcma-pci-bridge 0000:03:00.0: bus0: Found chip with id 0x4352, rev 0x03 and package 0x00
[    1.319441] i801_smbus 0000:00:1f.3: SMBus using PCI interrupt
[    1.319497] xhci_hcd 0000:00:14.0: xHCI Host Controller
[    1.319511] bcma-pci-bridge 0000:03:00.0: bus0: Core 0 found: ChipCommon (manuf 0x4BF, id 0x800, rev 0x2B, class 0x0)
[    1.319514] xhci_hcd 0000:00:14.0: new USB bus registered, assigned bus number 3
[    1.319563] bcma-pci-bridge 0000:03:00.0: bus0: Core 1 found: IEEE 802.11 (manuf 0x4BF, id 0x812, rev 0x2A, class 0x0)
[    1.319629] bcma-pci-bridge 0000:03:00.0: bus0: Core 2 found: ARM CR4 (manuf 0x4BF, id 0x83E, rev 0x02, class 0x0)
[    1.319682] bcma-pci-bridge 0000:03:00.0: bus0: Core 3 found: PCIe Gen2 (manuf 0x4BF, id 0x83C, rev 0x01, class 0x0)
[    1.319711] bcma-pci-bridge 0000:03:00.0: bus0: Core 4 found: USB 2.0 Device (manuf 0x4BF, id 0x81A, rev 0x11, class 0x0)
[    1.323035] xhci_hcd 0000:00:14.0: hcc params 0x20007181 hci version 0x100 quirks 0x000000000000b930
[    1.337394] ahci 0000:00:1f.2: AHCI 0001.0300 32 slots 6 ports 6 Gbps 0x1 impl SATA mode
[    1.337403] ahci 0000:00:1f.2: flags: 64bit ncq pm led clo pio slum part ems apst 
[    1.354012] i2c i2c-0: 2/4 memory slots populated (from DMI)
[    1.359152] scsi host0: ahci
[    1.359973] i2c i2c-0: Successfully instantiated SPD at 0x50
[    1.370226] xhci_hcd 0000:00:14.0: xHCI Host Controller
[    1.370234] xhci_hcd 0000:00:14.0: new USB bus registered, assigned bus number 4
[    1.370240] xhci_hcd 0000:00:14.0: Host supports USB 3.0 SuperSpeed
[    1.375953] bcma: Unsupported SPROM revision: 11
[    1.376001] bcma-pci-bridge 0000:03:00.0: bus0: Invalid SPROM read from the PCIe card, trying to use fallback SPROM
[    1.376005] bcma-pci-bridge 0000:03:00.0: bus0: Using fallback SPROM failed (err -2)
[    1.376007] bcma-pci-bridge 0000:03:00.0: bus0: No SPROM available
[    1.376746] i2c i2c-0: Successfully instantiated SPD at 0x52
[    1.378227] scsi host1: ahci
[    1.378407] scsi host2: ahci
[    1.378547] scsi host3: ahci
[    1.378837] bcma-pci-bridge 0000:03:00.0: bus0: Bus registered
[    1.379204] usb usb3: New USB device found, idVendor=1d6b, idProduct=0002, bcdDevice= 5.15
[    1.379209] usb usb3: New USB device strings: Mfr=3, Product=2, SerialNumber=1
[    1.379212] usb usb3: Product: xHCI Host Controller
[    1.379215] usb usb3: Manufacturer: Linux 5.15.0-53-generic xhci-hcd
[    1.379217] usb usb3: SerialNumber: 0000:00:14.0
[    1.379322] scsi host4: ahci
[    1.379408] r8169 0000:04:00.2 eth0: RTL8411, 08:60:6e:05:33:dc, XID 488, IRQ 27
[    1.379413] r8169 0000:04:00.2 eth0: jumbo features [frames: 9194 bytes, tx checksumming: ko]
[    1.380332] scsi host5: ahci
[    1.380760] ata1: SATA max UDMA/133 abar m2048@0xf7c16000 port 0xf7c16100 irq 25
[    1.380763] ata2: DUMMY
[    1.380764] ata3: DUMMY
[    1.380765] ata4: DUMMY
[    1.380766] ata5: DUMMY
[    1.380767] ata6: DUMMY
[    1.392814] hub 3-0:1.0: USB hub found
[    1.392852] hub 3-0:1.0: 4 ports detected
[    1.419440] usb usb4: New USB device found, idVendor=1d6b, idProduct=0003, bcdDevice= 5.15
[    1.419448] usb usb4: New USB device strings: Mfr=3, Product=2, SerialNumber=1
[    1.419451] usb usb4: Product: xHCI Host Controller
[    1.419453] usb usb4: Manufacturer: Linux 5.15.0-53-generic xhci-hcd
[    1.419455] usb usb4: SerialNumber: 0000:00:14.0
[    1.427606] hub 4-0:1.0: USB hub found
[    1.427627] hub 4-0:1.0: 4 ports detected
[    1.436807] r8169 0000:04:00.2 enp4s0f2: renamed from eth0
[    1.454733] usb 1-1.1: new full-speed USB device number 3 using ehci-pci
[    1.570702] usb 1-1.1: New USB device found, idVendor=0a5c, idProduct=21fb, bcdDevice= 1.12
[    1.570714] usb 1-1.1: New USB device strings: Mfr=1, Product=2, SerialNumber=3
[    1.570718] usb 1-1.1: Product: BCM20702A0
[    1.570721] usb 1-1.1: Manufacturer: Broadcom Corp
[    1.570745] usb 1-1.1: SerialNumber: 28C2DDE5A683
[    1.654758] usb 1-1.3: new high-speed USB device number 4 using ehci-pci
[    1.654761] tsc: Refined TSC clocksource calibration: 2494.329 MHz
[    1.654786] clocksource: tsc: mask: 0xffffffffffffffff max_cycles: 0x23f44cbbb88, max_idle_ns: 440795313572 ns
[    1.654805] clocksource: Switched to clocksource tsc
[    1.693397] ata1: SATA link up 6.0 Gbps (SStatus 133 SControl 300)
[    1.696002] ata1.00: ACPI cmd f5/00:00:00:00:00:a0 (SECURITY FREEZE LOCK) filtered out
[    1.696126] ata1.00: ACPI cmd ef/10:06:00:00:00:a0 (SET FEATURES) succeeded
[    1.696139] ata1.00: ACPI cmd ef/10:03:00:00:00:a0 (SET FEATURES) filtered out
[    1.696513] ata1.00: supports DRM functions and may not be fully accessible
[    1.696522] ata1.00: ATA-11: Samsung SSD 860 EVO 500GB, RVT04B6Q, max UDMA/133
[    1.697447] ata1.00: disabling queued TRIM support
[    1.697456] ata1.00: 976773168 sectors, multi 1: LBA48 NCQ (depth 32), AA
[    1.700211] ata1.00: Features: Trust Dev-Sleep NCQ-sndrcv
[    1.701349] ata1.00: ACPI cmd f5/00:00:00:00:00:a0 (SECURITY FREEZE LOCK) filtered out
[    1.701453] ata1.00: ACPI cmd ef/10:06:00:00:00:a0 (SET FEATURES) succeeded
[    1.701466] ata1.00: ACPI cmd ef/10:03:00:00:00:a0 (SET FEATURES) filtered out
[    1.701787] ata1.00: supports DRM functions and may not be fully accessible
[    1.702612] ata1.00: disabling queued TRIM support
[    1.705738] ata1.00: configured for UDMA/133
[    1.716247] scsi 0:0:0:0: Direct-Access     ATA      Samsung SSD 860  4B6Q PQ: 0 ANSI: 5
[    1.716677] sd 0:0:0:0: Attached scsi generic sg0 type 0
[    1.716688] ata1.00: Enabling discard_zeroes_data
[    1.716838] sd 0:0:0:0: [sda] 976773168 512-byte logical blocks: (500 GB/466 GiB)
[    1.716858] sd 0:0:0:0: [sda] Write Protect is off
[    1.716862] sd 0:0:0:0: [sda] Mode Sense: 00 3a 00 00
[    1.716900] sd 0:0:0:0: [sda] Write cache: enabled, read cache: enabled, doesn't support DPO or FUA
[    1.717220] ata1.00: Enabling discard_zeroes_data
[    1.734770] usb 3-2: new high-speed USB device number 2 using xhci_hcd
[    1.737150]  sda: sda1 sda2 sda3 sda4 sda5 sda6 sda7 sda8 sda9
[    1.737460] ata1.00: Enabling discard_zeroes_data
[    1.752045] sd 0:0:0:0: [sda] supports TCG Opal
[    1.752053] sd 0:0:0:0: [sda] Attached SCSI disk
[    1.763576] asus_wmi: ASUS WMI generic driver loaded
[    1.808428] usb 1-1.3: New USB device found, idVendor=04f2, idProduct=b354, bcdDevice=75.70
[    1.808435] usb 1-1.3: New USB device strings: Mfr=1, Product=2, SerialNumber=0
[    1.808438] usb 1-1.3: Product: USB2.0 HD UVC WebCam
[    1.808440] usb 1-1.3: Manufacturer: Chicony
[    1.889436] usb 3-2: New USB device found, idVendor=2109, idProduct=2817, bcdDevice= 2.14
[    1.889457] usb 3-2: New USB device strings: Mfr=1, Product=2, SerialNumber=0
[    1.889459] usb 3-2: Product: USB2.0 Hub             
[    1.889460] usb 3-2: Manufacturer: VIA Labs, Inc.         
[    1.890011] hub 3-2:1.0: USB hub found
[    1.890123] hub 3-2:1.0: 4 ports detected
[    2.014840] usb 4-2: new SuperSpeed USB device number 2 using xhci_hcd
[    2.037046] usb 4-2: New USB device found, idVendor=2109, idProduct=0817, bcdDevice= 2.14
[    2.037056] usb 4-2: New USB device strings: Mfr=1, Product=2, SerialNumber=0
[    2.037060] usb 4-2: Product: USB3.0 Hub             
[    2.037063] usb 4-2: Manufacturer: VIA Labs, Inc.         
[    2.038991] hub 4-2:1.0: USB hub found
[    2.039644] hub 4-2:1.0: 4 ports detected
[    2.109812] EXT4-fs (sda3): mounted filesystem with ordered data mode. Opts: (null). Quota mode: none.
[    2.223164] systemd[1]: Inserted module 'autofs4'
[    2.257231] systemd[1]: systemd 249.11-0ubuntu3.6 running in system mode (+PAM +AUDIT +SELINUX +APPARMOR +IMA +SMACK +SECCOMP +GCRYPT +GNUTLS +OPENSSL +ACL +BLKID +CURL +ELFUTILS +FIDO2 +IDN2 -IDN +IPTC +KMOD +LIBCRYPTSETUP +LIBFDISK +PCRE2 -PWQUALITY -P11KIT -QRENCODE +BZIP2 +LZ4 +XZ +ZLIB +ZSTD -XKBCOMMON +UTMP +SYSVINIT default-hierarchy=unified)
[    2.274950] systemd[1]: Detected architecture x86-64.
[    2.275449] systemd[1]: Hostname set to <Ubuntu-K55VD>.
[    2.575205] systemd[1]: Queued start job for default target Graphical Interface.
[    2.607892] systemd[1]: Created slice Slice /system/modprobe.
[    2.608361] systemd[1]: Created slice Slice /system/systemd-fsck.
[    2.608695] systemd[1]: Created slice User and Session Slice.
[    2.608785] systemd[1]: Started Forward Password Requests to Wall Directory Watch.
[    2.608988] systemd[1]: Set up automount Arbitrary Executable File Formats File System Automount Point.
[    2.609059] systemd[1]: Reached target User and Group Name Lookups.
[    2.609078] systemd[1]: Reached target Remote File Systems.
[    2.609091] systemd[1]: Reached target Slice Units.
[    2.609119] systemd[1]: Reached target Local Verity Protected Volumes.
[    2.609260] systemd[1]: Listening on Syslog Socket.
[    2.609362] systemd[1]: Listening on fsck to fsckd communication Socket.
[    2.609422] systemd[1]: Listening on initctl Compatibility Named Pipe.
[    2.609635] systemd[1]: Listening on Journal Audit Socket.
[    2.609735] systemd[1]: Listening on Journal Socket (/dev/log).
[    2.609859] systemd[1]: Listening on Journal Socket.
[    2.610259] systemd[1]: Listening on udev Control Socket.
[    2.610365] systemd[1]: Listening on udev Kernel Socket.
[    2.611285] systemd[1]: Mounting Huge Pages File System...
[    2.612280] systemd[1]: Mounting POSIX Message Queue File System...
[    2.614009] systemd[1]: Mounting Kernel Debug File System...
[    2.615237] systemd[1]: Mounting Kernel Trace File System...
[    2.617347] systemd[1]: Starting Journal Service...
[    2.619374] systemd[1]: Starting Set the console keyboard layout...
[    2.621071] systemd[1]: Starting Create List of Static Device Nodes...
[    2.622595] systemd[1]: Starting Load Kernel Module chromeos_pstore...
[    2.622745] usb 3-2.1: new full-speed USB device number 3 using xhci_hcd
[    2.624363] systemd[1]: Starting Load Kernel Module configfs...
[    2.625652] systemd[1]: Starting Load Kernel Module drm...
[    2.627235] systemd[1]: Starting Load Kernel Module efi_pstore...
[    2.628875] systemd[1]: Starting Load Kernel Module fuse...
[    2.630589] systemd[1]: Starting Load Kernel Module pstore_blk...
[    2.633844] systemd[1]: Starting Load Kernel Module pstore_zone...
[    2.635521] systemd[1]: Starting Load Kernel Module ramoops...
[    2.635881] systemd[1]: Condition check resulted in File System Check on Root Device being skipped.
[    2.650334] systemd[1]: Starting Load Kernel Modules...
[    2.652188] systemd[1]: Starting Remount Root and Kernel File Systems...
[    2.654110] systemd[1]: Starting Coldplug All udev Devices...
[    2.657065] pstore: Using crash dump compression: deflate
[    2.657079] pstore: Registered efi as persistent store backend
[    2.659119] systemd[1]: Mounted Huge Pages File System.
[    2.659289] systemd[1]: Mounted POSIX Message Queue File System.
[    2.659432] systemd[1]: Mounted Kernel Debug File System.
[    2.659573] systemd[1]: Mounted Kernel Trace File System.
[    2.660117] systemd[1]: Finished Create List of Static Device Nodes.
[    2.660619] systemd[1]: modprobe@configfs.service: Deactivated successfully.
[    2.660960] systemd[1]: Finished Load Kernel Module configfs.
[    2.661385] systemd[1]: modprobe@fuse.service: Deactivated successfully.
[    2.661965] EXT4-fs (sda3): re-mounted. Opts: errors=remount-ro. Quota mode: none.
[    2.661984] systemd[1]: Finished Load Kernel Module fuse.
[    2.663971] systemd[1]: modprobe@pstore_blk.service: Deactivated successfully.
[    2.664303] systemd[1]: Finished Load Kernel Module pstore_blk.
[    2.664729] systemd[1]: modprobe@pstore_zone.service: Deactivated successfully.
[    2.665080] systemd[1]: Finished Load Kernel Module pstore_zone.
[    2.665493] systemd[1]: modprobe@ramoops.service: Deactivated successfully.
[    2.665820] systemd[1]: Finished Load Kernel Module ramoops.
[    2.666411] systemd[1]: Finished Remount Root and Kernel File Systems.
[    2.668109] systemd[1]: Mounting FUSE Control File System...
[    2.669612] systemd[1]: Mounting Kernel Configuration File System...
[    2.671298] systemd[1]: Starting Load/Save Random Seed...
[    2.672946] systemd[1]: Starting Create System Users...
[    2.674616] systemd[1]: Mounted FUSE Control File System.
[    2.674895] systemd[1]: Mounted Kernel Configuration File System.
[    2.681710] systemd[1]: Finished Load/Save Random Seed.
[    2.681923] systemd[1]: Condition check resulted in First Boot Complete being skipped.
[    2.683929] systemd[1]: modprobe@chromeos_pstore.service: Deactivated successfully.
[    2.684253] systemd[1]: Finished Load Kernel Module chromeos_pstore.
[    2.684646] systemd[1]: modprobe@efi_pstore.service: Deactivated successfully.
[    2.684945] systemd[1]: Finished Load Kernel Module efi_pstore.
[    2.685094] systemd[1]: Condition check resulted in Platform Persistent Storage Archival being skipped.
[    2.691880] systemd[1]: modprobe@drm.service: Deactivated successfully.
[    2.692217] systemd[1]: Finished Load Kernel Module drm.
[    2.693977] lp: driver loaded but no devices found
[    2.696436] systemd[1]: Finished Create System Users.
[    2.698187] systemd[1]: Starting Create Static Device Nodes in /dev...
[    2.699252] ppdev: user-space parallel port driver
[    2.711561] systemd[1]: Finished Load Kernel Modules.
[    2.712910] systemd[1]: Starting Apply Kernel Variables...
[    2.718968] systemd[1]: Finished Set the console keyboard layout.
[    2.727308] systemd[1]: Finished Create Static Device Nodes in /dev.
[    2.727479] systemd[1]: Reached target Preparation for Local File Systems.
[    2.730932] systemd[1]: Mounting Mount unit for audacity, revision 1051...
[    2.732999] systemd[1]: Mounting Mount unit for bare, revision 5...
[    2.736304] systemd[1]: Mounting Mount unit for chromeos-themes, revision 2...
[    2.736467] loop0: detected capacity change from 0 to 8
[    2.739507] systemd[1]: Mounting Mount unit for code, revision 112...
[    2.742128] systemd[1]: Mounting Mount unit for code, revision 113...
[    2.742180] loop1: detected capacity change from 0 to 484392
[    2.744777] loop2: detected capacity change from 0 to 484392
[    2.744827] systemd[1]: Mounting Mount unit for core, revision 13886...
[    2.746814] systemd[1]: Mounting Mount unit for core, revision 14056...
[    2.747776] loop3: detected capacity change from 0 to 235496
[    2.749444] systemd[1]: Mounting Mount unit for core18, revision 2620...
[    2.750995] loop4: detected capacity change from 0 to 235328
[    2.752074] systemd[1]: Mounting Mount unit for core18, revision 2632...
[    2.753367] loop5: detected capacity change from 0 to 113832
[    2.755153] systemd[1]: Mounting Mount unit for core20, revision 1634...
[    2.756198] loop6: detected capacity change from 0 to 510112
[    2.756647] loop7: detected capacity change from 0 to 488
[    2.758090] systemd[1]: Mounting Mount unit for core20, revision 1695...
[    2.760291] systemd[1]: Mounting Mount unit for firefox, revision 2067...
[    2.761778] loop8: detected capacity change from 0 to 113832
[    2.763100] loop9: detected capacity change from 0 to 129424
[    2.763558] loop11: detected capacity change from 0 to 417120
[    2.763566] systemd[1]: Mounting Mount unit for firefox, revision 2088...
[    2.764126] loop10: detected capacity change from 0 to 129520
[    2.766098] systemd[1]: Mounting Mount unit for gimp, revision 393...
[    2.768163] systemd[1]: Mounting Mount unit for gnome-3-28-1804, revision 161...
[    2.769019] loop12: detected capacity change from 0 to 1067904
[    2.770335] systemd[1]: Mounting Mount unit for gnome-3-38-2004, revision 112...
[    2.772128] loop13: detected capacity change from 0 to 337424
[    2.772387] systemd[1]: Mounting Mount unit for gnome-3-38-2004, revision 119...
[    2.774386] usb 3-2.1: New USB device found, idVendor=24ae, idProduct=2013, bcdDevice= 1.10
[    2.774392] usb 3-2.1: New USB device strings: Mfr=1, Product=2, SerialNumber=0
[    2.774395] usb 3-2.1: Product: Rapoo 2.4G Wireless Device
[    2.774398] usb 3-2.1: Manufacturer: RAPOO
[    2.774634] loop14: detected capacity change from 0 to 820832
[    2.775072] systemd[1]: Mounting Mount unit for gtk2-common-themes, revision 13...
[    2.776080] loop15: detected capacity change from 0 to 709280
[    2.777148] systemd[1]: Mounting Mount unit for gtk-common-themes, revision 1535...
[    2.780656] systemd[1]: Mounting Mount unit for skype, revision 234...
[    2.780706] loop17: detected capacity change from 0 to 187776
[    2.781337] loop16: detected capacity change from 0 to 280
[    2.783380] systemd[1]: Mounting Mount unit for skype, revision 238...
[    2.785602] loop18: detected capacity change from 0 to 289704
[    2.785959] loop19: detected capacity change from 0 to 486528
[    2.786304] systemd[1]: Mounting Mount unit for snap-store, revision 582...
[    2.788285] systemd[1]: Mounting Mount unit for snap-store, revision 599...
[    2.791132] systemd[1]: Mounting Mount unit for snapd, revision 17336...
[    2.792988] systemd[1]: Mounting Mount unit for snapd, revision 17576...
[    2.793317] loop21: detected capacity change from 0 to 94056
[    2.793751] loop20: detected capacity change from 0 to 289856
[    2.795241] systemd[1]: Mounting Mount unit for snapd-desktop-integration, revision 14...
[    2.796998] loop22: detected capacity change from 0 to 98280
[    2.797210] systemd[1]: Mounting Mount unit for teams, revision 8...
[    2.801478] systemd[1]: Mounting Mount unit for zoom-client, revision 170...
[    2.804410] loop25: detected capacity change from 0 to 568
[    2.806065] loop23: detected capacity change from 0 to 101664
[    2.806122] loop24: detected capacity change from 0 to 266888
[    2.807634] loop26: detected capacity change from 0 to 512016
[    2.807731] loop27: detected capacity change from 0 to 93928
[    2.808576] systemd[1]: Mounting Mount unit for zoom-client, revision 193...
[    2.811598] systemd[1]: Mounting Mount unit for firefox, revision 1883 via mount-control...
[    2.813979] systemd[1]: Starting Rule-based Manager for Device Events and Files...
[    2.815822] loop28: detected capacity change from 0 to 762600
[    2.831601] systemd[1]: Started Journal Service.
[    2.868197] systemd-journald[282]: Received client request to flush runtime journal.
[    2.910745] usb 3-2.2: new full-speed USB device number 4 using xhci_hcd
[    3.060793] usb 3-2.2: New USB device found, idVendor=1ea7, idProduct=0907, bcdDevice= 3.00
[    3.060801] usb 3-2.2: New USB device strings: Mfr=1, Product=2, SerialNumber=3
[    3.060804] usb 3-2.2: Product: USB-HID Gaming Keyboard
[    3.060806] usb 3-2.2: Manufacturer: SEMITEK
[    3.060808] usb 3-2.2: SerialNumber: SN0000000001
[    3.219877] input: Asus Wireless Radio Control as /devices/LNXSYSTM:00/LNXSYBUS:00/ATK4001:00/input/input12
[    3.242743] usb 3-2.4: new high-speed USB device number 5 using xhci_hcd
[    3.449174] at24 0-0050: supply vcc not found, using dummy regulator
[    3.452582] at24 0-0050: 256 byte spd EEPROM, read-only
[    3.452635] at24 0-0052: supply vcc not found, using dummy regulator
[    3.453219] at24 0-0052: 256 byte spd EEPROM, read-only
[    3.482045] asus_wmi: Initialization: 0x1
[    3.482151] asus_wmi: BIOS WMI version: 7.9
[    3.482277] asus_wmi: SFUN value: 0x4a0877
[    3.482282] asus-nb-wmi asus-nb-wmi: Detected ATK, not ASUSWMI, use DSTS
[    3.482285] asus-nb-wmi asus-nb-wmi: Detected ATK, enable event queue
[    3.491411] cfg80211: Loading compiled-in X.509 certificates for regulatory database
[    3.493913] input: Asus WMI hotkeys as /devices/platform/asus-nb-wmi/input/input13
[    3.498124] cfg80211: Loaded X.509 cert 'sforshee: 00b28ddf47aef9cea7'
[    3.632196] MXM: GUID detected in BIOS
[    3.632280] ACPI BIOS Error (bug): AE_AML_PACKAGE_LIMIT, Index (0x000000003) is beyond end of object (length 0x0) (20210730/exoparg2-393)

[    3.632372] 
               Initialized Local Variables for Method [_DSM]:
[    3.632374]   Local0: 0000000073103656 <Obj>           Integer 0000000000000000

[    3.632388] Initialized Arguments for Method [_DSM]:  (4 arguments defined for method invocation)
[    3.632390]   Arg0:   000000008051b85a <Obj>           Buffer(16) A0 A0 95 9D 60 00 48 4D
[    3.632409]   Arg1:   00000000b29b1e1d <Obj>           Integer 0000000000000102
[    3.632415]   Arg2:   0000000089ba9d52 <Obj>           Integer 0000000000000000
[    3.632421]   Arg3:   00000000a8b505fe <Obj>           Package 00000000a8b505fe

[    3.632433] ACPI Error: Aborting method \_SB.PCI0.GFX0._DSM due to previous error (AE_AML_PACKAGE_LIMIT) (20210730/psparse-529)
[    3.632503] ACPI: \_SB_.PCI0.GFX0: failed to evaluate _DSM (0x300b)
[    3.632510] ACPI Warning: \_SB.PCI0.GFX0._DSM: Argument #4 type mismatch - Found [Buffer], ACPI requires [Package] (20210730/nsarguments-61)
[    3.632653] Console: switching to colour dummy device 80x25
[    3.632745] i915 0000:00:02.0: vgaarb: deactivate vga console
[    3.632782] RAPL PMU: API unit is 2^-32 Joules, 3 fixed counters, 163840 ms ovfl timer
[    3.632786] RAPL PMU: hw unit of domain pp0-core 2^-16 Joules
[    3.632788] RAPL PMU: hw unit of domain package 2^-16 Joules
[    3.632789] RAPL PMU: hw unit of domain pp1-gpu 2^-16 Joules
[    3.632912] i915 0000:00:02.0: optimus capabilities: enabled, status dynamic power, 
[    3.632983] ACPI BIOS Error (bug): AE_AML_PACKAGE_LIMIT, Index (0x000000003) is beyond end of object (length 0x0) (20210730/exoparg2-393)

[    3.632999] 
               Initialized Local Variables for Method [_DSM]:
[    3.633000]   Local0: 000000008a296d1c <Obj>           Integer 0000000000000000

[    3.633010] Initialized Arguments for Method [_DSM]:  (4 arguments defined for method invocation)
[    3.633011]   Arg0:   00000000a8b505fe <Obj>           Buffer(16) A0 A0 95 9D 60 00 48 4D
[    3.633026]   Arg1:   0000000089ba9d52 <Obj>           Integer 0000000000000102
[    3.633031]   Arg2:   00000000b29b1e1d <Obj>           Integer 0000000000000000
[    3.633036]   Arg3:   000000008051b85a <Obj>           Package 000000008051b85a

[    3.633047] ACPI Error: Aborting method \_SB.PCI0.GFX0._DSM due to previous error (AE_AML_PACKAGE_LIMIT) (20210730/psparse-529)
[    3.633063] ACPI Error: Aborting method \_SB.PCI0.PEG0.PEGP._DSM due to previous error (AE_AML_PACKAGE_LIMIT) (20210730/psparse-529)
[    3.633079] ACPI: \_SB_.PCI0.PEG0.PEGP: failed to evaluate _DSM (0x300b)
[    3.633086] ACPI Warning: \_SB.PCI0.PEG0.PEGP._DSM: Argument #4 type mismatch - Found [Buffer], ACPI requires [Package] (20210730/nsarguments-61)
[    3.639967] cryptd: max_cpu_qlen set to 1000
[    3.642758] pci 0000:01:00.0: optimus capabilities: enabled, status dynamic power, 
[    3.642788] VGA switcheroo: detected Optimus DSM method \_SB_.PCI0.PEG0.PEGP handle
[    3.642825] nouveau 0000:01:00.0: enabling device (0000 -> 0003)
[    3.643441] nouveau 0000:01:00.0: NVIDIA GF119 (0d9180a1)
[    3.651586] AVX version of gcm_enc/dec engaged.
[    3.651615] AES CTR mode by8 optimization enabled
[    3.665664] Adding 10742780k swap on /dev/sda4.  Priority:-2 extents:1 across:10742780k SSFS
[    3.732587] nouveau 0000:01:00.0: bios: version 75.19.59.00.1c
[    3.814530] b43-phy0: Broadcom 4352 WLAN found (core revision 42)
[    3.818268] b43-phy0 ERROR: FOUND UNSUPPORTED PHY (Analog 12, Type 11 (AC), Revision 1)
[    3.818275] nouveau 0000:01:00.0: fb: 2048 MiB DDR3
[    3.818311] b43: probe of bcma0:1 failed with error -95
[    3.818349] Broadcom 43xx driver loaded [ Features: PNL ]
[    3.830521] [drm] Initialized i915 1.6.0 20201103 for 0000:00:02.0 on minor 0
[    3.831088] ACPI: video: Video Device [PEGP] (multi-head: yes  rom: yes  post: no)
[    3.832404] input: Video Bus as /devices/LNXSYSTM:00/LNXSYBUS:00/PNP0A08:00/device:02/LNXVIDEO:00/input/input14
[    3.838647] ACPI: video: Video Device [GFX0] (multi-head: yes  rom: no  post: no)
[    3.870387] input: Video Bus as /devices/LNXSYSTM:00/LNXSYBUS:00/PNP0A08:00/LNXVIDEO:01/input/input15
[    3.872507] snd_hda_intel 0000:00:1b.0: bound 0000:00:02.0 (ops i915_audio_component_bind_ops [i915])
[    3.904779] vga_switcheroo: enabled
[    3.904797] nouveau 0000:01:00.0: DRM: VRAM: 2048 MiB
[    3.904801] nouveau 0000:01:00.0: DRM: GART: 1048576 MiB
[    3.904806] nouveau 0000:01:00.0: DRM: TMDS table version 2.0
[    3.904809] nouveau 0000:01:00.0: DRM: DCB version 4.0
[    3.907681] nouveau 0000:01:00.0: DRM: MM: using COPY0 for buffer copies
[    3.908181] [drm] Initialized nouveau 1.3.1 20120801 for 0000:01:00.0 on minor 1
[    3.990472] fbcon: i915drmfb (fb0) is primary device
[    4.046287] intel_rapl_common: Found RAPL domain package
[    4.046290] intel_rapl_common: Found RAPL domain core
[    4.046291] intel_rapl_common: Found RAPL domain uncore
[    4.046297] intel_rapl_common: RAPL package-0 domain package locked by BIOS
[    4.118981] Console: switching to colour frame buffer device 170x48
[    4.137794] i915 0000:00:02.0: [drm] fb0: i915drmfb frame buffer device
[    4.212302] snd_hda_codec_realtek hdaudioC0D0: autoconfig for ALC270: line_outs=1 (0x14/0x0/0x0/0x0/0x0) type:speaker
[    4.212310] snd_hda_codec_realtek hdaudioC0D0:    speaker_outs=0 (0x0/0x0/0x0/0x0/0x0)
[    4.212313] snd_hda_codec_realtek hdaudioC0D0:    hp_outs=1 (0x21/0x0/0x0/0x0/0x0)
[    4.212316] snd_hda_codec_realtek hdaudioC0D0:    mono: mono_out=0x0
[    4.212318] snd_hda_codec_realtek hdaudioC0D0:    inputs:
[    4.212320] snd_hda_codec_realtek hdaudioC0D0:      Internal Mic=0x19
[    4.212322] snd_hda_codec_realtek hdaudioC0D0:      Mic=0x18
[    4.266932] input: HDA Intel PCH Mic as /devices/pci0000:00/0000:00:1b.0/sound/card0/input16
[    4.267043] input: HDA Intel PCH Headphone as /devices/pci0000:00/0000:00:1b.0/sound/card0/input17
[    4.267141] input: HDA Intel PCH HDMI/DP,pcm=3 as /devices/pci0000:00/0000:00:1b.0/sound/card0/input18
[    4.492898] audit: type=1400 audit(1669382210.287:2): apparmor="STATUS" operation="profile_load" profile="unconfined" name="lsb_release" pid=756 comm="apparmor_parser"
[    4.494857] audit: type=1400 audit(1669382210.291:3): apparmor="STATUS" operation="profile_load" profile="unconfined" name="nvidia_modprobe" pid=757 comm="apparmor_parser"
[    4.494864] audit: type=1400 audit(1669382210.291:4): apparmor="STATUS" operation="profile_load" profile="unconfined" name="nvidia_modprobe//kmod" pid=757 comm="apparmor_parser"
[    4.499425] audit: type=1400 audit(1669382210.295:5): apparmor="STATUS" operation="profile_load" profile="unconfined" name="/usr/bin/man" pid=760 comm="apparmor_parser"
[    4.499432] audit: type=1400 audit(1669382210.295:6): apparmor="STATUS" operation="profile_load" profile="unconfined" name="man_filter" pid=760 comm="apparmor_parser"
[    4.499436] audit: type=1400 audit(1669382210.295:7): apparmor="STATUS" operation="profile_load" profile="unconfined" name="man_groff" pid=760 comm="apparmor_parser"
[    4.511394] audit: type=1400 audit(1669382210.307:8): apparmor="STATUS" operation="profile_load" profile="unconfined" name="libreoffice-oosplash" pid=763 comm="apparmor_parser"
